Archive member included to satisfy reference by file (symbol)

C:/Program Files (x86)/Arm GNU Toolchain arm-none-eabi/13.2 Rel1/bin/../lib/gcc/arm-none-eabi/13.2.1/thumb/v7e-m+fp/hard\libgcc.a(_aeabi_uldivmod.o)
                              ./ra/arm/mbedtls/library/bignum.o (__aeabi_uldivmod)
C:/Program Files (x86)/Arm GNU Toolchain arm-none-eabi/13.2 Rel1/bin/../lib/gcc/arm-none-eabi/13.2.1/thumb/v7e-m+fp/hard\libgcc.a(_udivmoddi4.o)
                              C:/Program Files (x86)/Arm GNU Toolchain arm-none-eabi/13.2 Rel1/bin/../lib/gcc/arm-none-eabi/13.2.1/thumb/v7e-m+fp/hard\libgcc.a(_aeabi_uldivmod.o) (__udivmoddi4)
C:/Program Files (x86)/Arm GNU Toolchain arm-none-eabi/13.2 Rel1/bin/../lib/gcc/arm-none-eabi/13.2.1/thumb/v7e-m+fp/hard\libgcc.a(_dvmd_tls.o)
                              C:/Program Files (x86)/Arm GNU Toolchain arm-none-eabi/13.2 Rel1/bin/../lib/gcc/arm-none-eabi/13.2.1/thumb/v7e-m+fp/hard\libgcc.a(_aeabi_uldivmod.o) (__aeabi_ldiv0)
C:/Program Files (x86)/Arm GNU Toolchain arm-none-eabi/13.2 Rel1/bin/../lib/gcc/arm-none-eabi/13.2.1/thumb/v7e-m+fp/hard\libg_nano.a(libc_a-calloc.o)
                              ./ra/arm/mbedtls/library/platform.o (calloc)
C:/Program Files (x86)/Arm GNU Toolchain arm-none-eabi/13.2 Rel1/bin/../lib/gcc/arm-none-eabi/13.2.1/thumb/v7e-m+fp/hard\libg_nano.a(libc_a-callocr.o)
                              C:/Program Files (x86)/Arm GNU Toolchain arm-none-eabi/13.2 Rel1/bin/../lib/gcc/arm-none-eabi/13.2.1/thumb/v7e-m+fp/hard\libg_nano.a(libc_a-calloc.o) (_calloc_r)
C:/Program Files (x86)/Arm GNU Toolchain arm-none-eabi/13.2 Rel1/bin/../lib/gcc/arm-none-eabi/13.2.1/thumb/v7e-m+fp/hard\libg_nano.a(libc_a-exit.o)
                              C:/Program Files (x86)/Arm GNU Toolchain arm-none-eabi/13.2 Rel1/bin/../lib/gcc/arm-none-eabi/13.2.1/thumb/v7e-m+fp/hard/crt0.o (exit)
C:/Program Files (x86)/Arm GNU Toolchain arm-none-eabi/13.2 Rel1/bin/../lib/gcc/arm-none-eabi/13.2.1/thumb/v7e-m+fp/hard\libg_nano.a(libc_a-malloc.o)
                              ./ra/mcu-tools/MCUboot/boot/bootutil/src/loader.o (malloc)
C:/Program Files (x86)/Arm GNU Toolchain arm-none-eabi/13.2 Rel1/bin/../lib/gcc/arm-none-eabi/13.2.1/thumb/v7e-m+fp/hard\libg_nano.a(libc_a-mallocr.o)
                              C:/Program Files (x86)/Arm GNU Toolchain arm-none-eabi/13.2 Rel1/bin/../lib/gcc/arm-none-eabi/13.2.1/thumb/v7e-m+fp/hard\libg_nano.a(libc_a-callocr.o) (_malloc_r)
C:/Program Files (x86)/Arm GNU Toolchain arm-none-eabi/13.2 Rel1/bin/../lib/gcc/arm-none-eabi/13.2.1/thumb/v7e-m+fp/hard\libg_nano.a(libc_a-mlock.o)
                              C:/Program Files (x86)/Arm GNU Toolchain arm-none-eabi/13.2 Rel1/bin/../lib/gcc/arm-none-eabi/13.2.1/thumb/v7e-m+fp/hard\libg_nano.a(libc_a-mallocr.o) (__malloc_lock)
C:/Program Files (x86)/Arm GNU Toolchain arm-none-eabi/13.2 Rel1/bin/../lib/gcc/arm-none-eabi/13.2.1/thumb/v7e-m+fp/hard\libg_nano.a(libc_a-findfp.o)
                              C:/Program Files (x86)/Arm GNU Toolchain arm-none-eabi/13.2 Rel1/bin/../lib/gcc/arm-none-eabi/13.2.1/thumb/v7e-m+fp/hard\libg_nano.a(libc_a-exit.o) (__stdio_exit_handler)
C:/Program Files (x86)/Arm GNU Toolchain arm-none-eabi/13.2 Rel1/bin/../lib/gcc/arm-none-eabi/13.2.1/thumb/v7e-m+fp/hard\libg_nano.a(libc_a-fwalk.o)
                              C:/Program Files (x86)/Arm GNU Toolchain arm-none-eabi/13.2 Rel1/bin/../lib/gcc/arm-none-eabi/13.2.1/thumb/v7e-m+fp/hard\libg_nano.a(libc_a-findfp.o) (_fwalk_sglue)
C:/Program Files (x86)/Arm GNU Toolchain arm-none-eabi/13.2 Rel1/bin/../lib/gcc/arm-none-eabi/13.2.1/thumb/v7e-m+fp/hard\libg_nano.a(libc_a-snprintf.o)
                              ./ra/arm/mbedtls/library/error.o (snprintf)
C:/Program Files (x86)/Arm GNU Toolchain arm-none-eabi/13.2 Rel1/bin/../lib/gcc/arm-none-eabi/13.2.1/thumb/v7e-m+fp/hard\libg_nano.a(libc_a-stdio.o)
                              C:/Program Files (x86)/Arm GNU Toolchain arm-none-eabi/13.2 Rel1/bin/../lib/gcc/arm-none-eabi/13.2.1/thumb/v7e-m+fp/hard\libg_nano.a(libc_a-findfp.o) (__sread)
C:/Program Files (x86)/Arm GNU Toolchain arm-none-eabi/13.2 Rel1/bin/../lib/gcc/arm-none-eabi/13.2.1/thumb/v7e-m+fp/hard\libg_nano.a(libc_a-memcmp.o)
                              ./ra/mcu-tools/MCUboot/boot/bootutil/src/bootutil_misc.o (memcmp)
C:/Program Files (x86)/Arm GNU Toolchain arm-none-eabi/13.2 Rel1/bin/../lib/gcc/arm-none-eabi/13.2.1/thumb/v7e-m+fp/hard\libg_nano.a(libc_a-memmove.o)
                              ./ra/arm/mbedtls/library/bignum.o (memmove)
C:/Program Files (x86)/Arm GNU Toolchain arm-none-eabi/13.2 Rel1/bin/../lib/gcc/arm-none-eabi/13.2.1/thumb/v7e-m+fp/hard\libg_nano.a(libc_a-memset.o)
                              C:/Program Files (x86)/Arm GNU Toolchain arm-none-eabi/13.2 Rel1/bin/../lib/gcc/arm-none-eabi/13.2.1/thumb/v7e-m+fp/hard/crt0.o (memset)
C:/Program Files (x86)/Arm GNU Toolchain arm-none-eabi/13.2 Rel1/bin/../lib/gcc/arm-none-eabi/13.2.1/thumb/v7e-m+fp/hard\libg_nano.a(libc_a-strstr.o)
[...]
Memory Configuration

Name             Origin             Length             Attributes
ITCM             0x00000000         0x00000000         xr
DTCM             0x00000000         0x00000000         xrw
FLASH            0x00000000         0x00020000         xr
RAM              0x1ffe0000         0x000a0000         xrw
DATA_FLASH       0x40100000         0x00010000         xr
QSPI_FLASH       0x60000000         0x04000000         xr
OSPI_DEVICE_0    0x80020000         0x00000000         xr
OSPI_DEVICE_1    0x80030000         0x00000000         xr
OSPI_DEVICE_0_RAM 0x80020000         0x00000000         xrw
OSPI_DEVICE_1_RAM 0x80030000         0x00000000         xrw
SDRAM            0x90000000         0x08000000         xrw
OPTION_SETTING   0x00000000         0x00000000         r
OPTION_SETTING_OFS 0x00000000         0x00000018         r
OPTION_SETTING_SAS 0x00000034         0x00000000         r
OPTION_SETTING_S 0x80000000         0x00000000         r
ID_CODE          0x0100a150         0x00000010         xr
*default*        0x00000000         0xffffffff

Linker script and memory map

LOAD C:/Program Files (x86)/Arm GNU Toolchain arm-none-eabi/13.2 Rel1/bin/../lib/gcc/arm-none-eabi/13.2.1/thumb/v7e-m+fp/hard/crti.o
LOAD C:/Program Files (x86)/Arm GNU Toolchain arm-none-eabi/13.2 Rel1/bin/../lib/gcc/arm-none-eabi/13.2.1/thumb/v7e-m+fp/hard/crtbegin.o
LOAD C:/Program Files (x86)/Arm GNU Toolchain arm-none-eabi/13.2 Rel1/bin/../lib/gcc/arm-none-eabi/13.2.1/thumb/v7e-m+fp/hard/crt0.o
START GROUP
LOAD ./src/hal_entry.o
LOAD ./src/keys.o
LOAD ./ra_gen/common_data.o
LOAD ./ra_gen/hal_data.o
LOAD ./ra_gen/main.o
LOAD ./ra_gen/pin_data.o
LOAD ./ra_gen/vector_data.o
LOAD ./ra/mcu-tools/MCUboot/boot/bootutil/src/boot_record.o
LOAD ./ra/mcu-tools/MCUboot/boot/bootutil/src/bootutil_misc.o
LOAD ./ra/mcu-tools/MCUboot/boot/bootutil/src/bootutil_public.o
LOAD ./ra/mcu-tools/MCUboot/boot/bootutil/src/caps.o
LOAD ./ra/mcu-tools/MCUboot/boot/bootutil/src/encrypted.o
LOAD ./ra/mcu-tools/MCUboot/boot/bootutil/src/fault_injection_hardening.o
LOAD ./ra/mcu-tools/MCUboot/boot/bootutil/src/fault_injection_hardening_delay_rng_mbedtls.o
LOAD ./ra/mcu-tools/MCUboot/boot/bootutil/src/image_ec.o
LOAD ./ra/mcu-tools/MCUboot/boot/bootutil/src/image_ec256.o
LOAD ./ra/mcu-tools/MCUboot/boot/bootutil/src/image_ed25519.o
LOAD ./ra/mcu-tools/MCUboot/boot/bootutil/src/image_rsa.o
LOAD ./ra/mcu-tools/MCUboot/boot/bootutil/src/image_validate.o
LOAD ./ra/mcu-tools/MCUboot/boot/bootutil/src/loader.o
LOAD ./ra/mcu-tools/MCUboot/boot/bootutil/src/swap_misc.o
LOAD ./ra/mcu-tools/MCUboot/boot/bootutil/src/swap_move.o
LOAD ./ra/mcu-tools/MCUboot/boot/bootutil/src/swap_scratch.o
LOAD ./ra/mcu-tools/MCUboot/boot/bootutil/src/tlv.o
LOAD ./ra/fsp/src/rm_psa_crypto/aes_alt.o
LOAD ./ra/fsp/src/rm_psa_crypto/aes_alt_process.o
LOAD ./ra/fsp/src/rm_psa_crypto/aes_vendor.o
LOAD ./ra/fsp/src/rm_psa_crypto/asymmetric_vendor.o
LOAD ./ra/fsp/src/rm_psa_crypto/ccm_alt.o
LOAD ./ra/fsp/src/rm_psa_crypto/ccm_alt_process.o
LOAD ./ra/fsp/src/rm_psa_crypto/cipher_alt.o
LOAD ./ra/fsp/src/rm_psa_crypto/cmac_alt.o
LOAD ./ra/fsp/src/rm_psa_crypto/ctr_drbg_alt.o
LOAD ./ra/fsp/src/rm_psa_crypto/ecdh_alt.o
LOAD ./ra/fsp/src/rm_psa_crypto/ecdsa_alt.o
LOAD ./ra/fsp/src/rm_psa_crypto/ecdsa_alt_process.o
LOAD ./ra/fsp/src/rm_psa_crypto/ecp_alt.o
LOAD ./ra/fsp/src/rm_psa_crypto/ecp_alt_process.o
LOAD ./ra/fsp/src/rm_psa_crypto/ecp_curves_alt.o
LOAD ./ra/fsp/src/rm_psa_crypto/gcm_alt.o
LOAD ./ra/fsp/src/rm_psa_crypto/gcm_alt_process.o
LOAD ./ra/fsp/src/rm_psa_crypto/platform_alt.o
LOAD ./ra/fsp/src/rm_psa_crypto/rm_psa_crypto.o
LOAD ./ra/fsp/src/rm_psa_crypto/rsa_alt.o
LOAD ./ra/fsp/src/rm_psa_crypto/rsa_alt_process.o
LOAD ./ra/fsp/src/rm_psa_crypto/sha256_alt.o
LOAD ./ra/fsp/src/rm_psa_crypto/sha256_alt_process.o
LOAD ./ra/fsp/src/rm_psa_crypto/sha512_alt.o
LOAD ./ra/fsp/src/rm_psa_crypto/sha512_alt_process.o
LOAD ./ra/fsp/src/rm_psa_crypto/trng_entropy.o
LOAD ./ra/fsp/src/rm_psa_crypto/vendor.o
LOAD ./ra/fsp/src/rm_mcuboot_port/custom_crypto_stacks/protected_mode/sce9_image_ec256.o
LOAD ./ra/fsp/src/rm_mcuboot_port/custom_crypto_stacks/protected_mode/sce9_image_rsa.o
LOAD ./ra/fsp/src/rm_mcuboot_port/custom_crypto_stacks/protected_mode/sce9_keys.o
LOAD ./ra/fsp/src/rm_mcuboot_port/flash_map.o
LOAD ./ra/fsp/src/rm_mcuboot_port/rm_mcuboot_port.o
LOAD ./ra/fsp/src/r_sce/crypto_procedures/src/sce7/plainkey/primitive/hw_sce_p_func000.o
LOAD ./ra/fsp/src/r_sce/crypto_procedures/src/sce7/plainkey/primitive/hw_sce_p_func001.o
LOAD ./ra/fsp/src/r_sce/crypto_procedures/src/sce7/plainkey/primitive/hw_sce_p_func002.o
LOAD ./ra/fsp/src/r_sce/crypto_procedures/src/sce7/plainkey/primitive/hw_sce_p_func006.o
LOAD ./ra/fsp/src/r_sce/crypto_procedures/src/sce7/plainkey/primitive/hw_sce_p_func009.o
LOAD ./ra/fsp/src/r_sce/crypto_procedures/src/sce7/plainkey/primitive/hw_sce_p_func011.o
LOAD ./ra/fsp/src/r_sce/crypto_procedures/src/sce7/plainkey/primitive/hw_sce_p_func022.o
LOAD ./ra/fsp/src/r_sce/crypto_procedures/src/sce7/plainkey/primitive/hw_sce_p_func023.o
LOAD ./ra/fsp/src/r_sce/crypto_procedures/src/sce7/plainkey/primitive/hw_sce_p_func025.o
LOAD ./ra/fsp/src/r_sce/crypto_procedures/src/sce7/plainkey/primitive/hw_sce_p_func027.o
LOAD ./ra/fsp/src/r_sce/crypto_procedures/src/sce7/plainkey/primitive/hw_sce_p_func028.o
LOAD ./ra/fsp/src/r_sce/crypto_procedures/src/sce7/plainkey/primitive/hw_sce_p_func050.o
LOAD ./ra/fsp/src/r_sce/crypto_procedures/src/sce7/plainkey/primitive/hw_sce_p_func051.o
LOAD ./ra/fsp/src/r_sce/crypto_procedures/src/sce7/plainkey/primitive/hw_sce_p_func052.o
LOAD ./ra/fsp/src/r_sce/crypto_procedures/src/sce7/plainkey/primitive/hw_sce_p_func053.o
LOAD ./ra/fsp/src/r_sce/crypto_procedures/src/sce7/plainkey/primitive/hw_sce_p_func054.o
LOAD ./ra/fsp/src/r_sce/crypto_procedures/src/sce7/plainkey/primitive/hw_sce_p_func070.o
LOAD ./ra/fsp/src/r_sce/crypto_procedures/src/sce7/plainkey/primitive/hw_sce_p_func071.o
LOAD ./ra/fsp/src/r_sce/crypto_procedures/src/sce7/plainkey/primitive/hw_sce_p_func073.o
LOAD ./ra/fsp/src/r_sce/crypto_procedures/src/sce7/plainkey/primitive/hw_sce_p_func076.o
LOAD ./ra/fsp/src/r_sce/crypto_procedures/src/sce7/plainkey/primitive/hw_sce_p_func077.o
LOAD ./ra/fsp/src/r_sce/crypto_procedures/src/sce7/plainkey/primitive/hw_sce_p_func100.o
LOAD ./ra/fsp/src/r_sce/crypto_procedures/src/sce7/plainkey/primitive/hw_sce_p_func101.o
LOAD ./ra/fsp/src/r_sce/crypto_procedures/src/sce7/plainkey/primitive/hw_sce_p_func102.o
LOAD ./ra/fsp/src/r_sce/crypto_procedures/src/sce7/plainkey/primitive/hw_sce_p_func103.o
LOAD ./ra/fsp/src/r_sce/crypto_procedures/src/sce7/plainkey/primitive/hw_sce_p_func200.o
LOAD ./ra/fsp/src/r_sce/crypto_procedures/src/sce7/plainkey/primitive/hw_sce_p_func205.o
LOAD ./ra/fsp/src/r_sce/crypto_procedures/src/sce7/plainkey/primitive/hw_sce_p_func206.o
LOAD ./ra/fsp/src/r_sce/crypto_procedures/src/sce7/plainkey/primitive/hw_sce_p_func207.o
LOAD ./ra/fsp/src/r_sce/crypto_procedures/src/sce7/plainkey/primitive/hw_sce_p_func300.o
LOAD ./ra/fsp/src/r_sce/crypto_procedures/src/sce7/plainkey/primitive/hw_sce_p_func301.o
LOAD ./ra/fsp/src/r_sce/crypto_procedures/src/sce7/plainkey/primitive/hw_sce_p_p00.o
LOAD ./ra/fsp/src/r_sce/crypto_procedures/src/sce7/plainkey/primitive/hw_sce_p_p01.o
LOAD ./ra/fsp/src/r_sce/crypto_procedures/src/sce7/plainkey/primitive/hw_sce_p_p02.o
LOAD ./ra/fsp/src/r_sce/crypto_procedures/src/sce7/plainkey/primitive/hw_sce_p_p03.o
LOAD ./ra/fsp/src/r_sce/crypto_procedures/src/sce7/plainkey/primitive/hw_sce_p_p04.o
LOAD ./ra/fsp/src/r_sce/crypto_procedures/src/sce7/plainkey/primitive/hw_sce_p_p05.o
LOAD ./ra/fsp/src/r_sce/crypto_procedures/src/sce7/plainkey/primitive/hw_sce_p_p06.o
LOAD ./ra/fsp/src/r_sce/crypto_procedures/src/sce7/plainkey/primitive/hw_sce_p_p07.o
LOAD ./ra/fsp/src/r_sce/crypto_procedures/src/sce7/plainkey/primitive/hw_sce_p_p08.o
LOAD ./ra/fsp/src/r_sce/crypto_procedures/src/sce7/plainkey/primitive/hw_sce_p_p09.o
LOAD ./ra/fsp/src/r_sce/crypto_procedures/src/sce7/plainkey/primitive/hw_sce_p_p0d.o
LOAD ./ra/fsp/src/r_sce/crypto_procedures/src/sce7/plainkey/primitive/hw_sce_p_p0e.o
LOAD ./ra/fsp/src/r_sce/crypto_procedures/src/sce7/plainkey/primitive/hw_sce_p_p11.o
LOAD ./ra/fsp/src/r_sce/crypto_procedures/src/sce7/plainkey/primitive/hw_sce_p_p12.o
LOAD ./ra/fsp/src/r_sce/crypto_procedures/src/sce7/plainkey/primitive/hw_sce_p_p13.o
LOAD ./ra/fsp/src/r_sce/crypto_procedures/src/sce7/plainkey/primitive/hw_sce_p_p15.o
LOAD ./ra/fsp/src/r_sce/crypto_procedures/src/sce7/plainkey/primitive/hw_sce_p_p16.o
LOAD ./ra/fsp/src/r_sce/crypto_procedures/src/sce7/plainkey/primitive/hw_sce_p_p17.o
LOAD ./ra/fsp/src/r_sce/crypto_procedures/src/sce7/plainkey/primitive/hw_sce_p_p1e.o
LOAD ./ra/fsp/src/r_sce/crypto_procedures/src/sce7/plainkey/primitive/hw_sce_p_p1f.o
LOAD ./ra/fsp/src/r_sce/crypto_procedures/src/sce7/plainkey/primitive/hw_sce_p_p20.o
LOAD ./ra/fsp/src/r_sce/crypto_procedures/src/sce7/plainkey/primitive/hw_sce_p_p21.o
LOAD ./ra/fsp/src/r_sce/crypto_procedures/src/sce7/plainkey/primitive/hw_sce_p_p29a.o
LOAD ./ra/fsp/src/r_sce/crypto_procedures/src/sce7/plainkey/primitive/hw_sce_p_p29f.o
LOAD ./ra/fsp/src/r_sce/crypto_procedures/src/sce7/plainkey/primitive/hw_sce_p_p29i.o
LOAD ./ra/fsp/src/r_sce/crypto_procedures/src/sce7/plainkey/primitive/hw_sce_p_p29t.o
LOAD ./ra/fsp/src/r_sce/crypto_procedures/src/sce7/plainkey/primitive/hw_sce_p_p29u.o
LOAD ./ra/fsp/src/r_sce/crypto_procedures/src/sce7/plainkey/primitive/hw_sce_p_p2b.o
LOAD ./ra/fsp/src/r_sce/crypto_procedures/src/sce7/plainkey/primitive/hw_sce_p_p2c.o
LOAD ./ra/fsp/src/r_sce/crypto_procedures/src/sce7/plainkey/primitive/hw_sce_p_p2d.o
LOAD ./ra/fsp/src/r_sce/crypto_procedures/src/sce7/plainkey/primitive/hw_sce_p_p2e.o
LOAD ./ra/fsp/src/r_sce/crypto_procedures/src/sce7/plainkey/primitive/hw_sce_p_p32a.o
LOAD ./ra/fsp/src/r_sce/crypto_procedures/src/sce7/plainkey/primitive/hw_sce_p_p32f.o
LOAD ./ra/fsp/src/r_sce/crypto_procedures/src/sce7/plainkey/primitive/hw_sce_p_p32i.o
LOAD ./ra/fsp/src/r_sce/crypto_procedures/src/sce7/plainkey/primitive/hw_sce_p_p32t.o
LOAD ./ra/fsp/src/r_sce/crypto_procedures/src/sce7/plainkey/primitive/hw_sce_p_p32u.o
LOAD ./ra/fsp/src/r_sce/crypto_procedures/src/sce7/plainkey/primitive/hw_sce_p_p34a.o
LOAD ./ra/fsp/src/r_sce/crypto_procedures/src/sce7/plainkey/primitive/hw_sce_p_p34f.o
LOAD ./ra/fsp/src/r_sce/crypto_procedures/src/sce7/plainkey/primitive/hw_sce_p_p34i.o
LOAD ./ra/fsp/src/r_sce/crypto_procedures/src/sce7/plainkey/primitive/hw_sce_p_p34t.o
LOAD ./ra/fsp/src/r_sce/crypto_procedures/src/sce7/plainkey/primitive/hw_sce_p_p34u.o
LOAD ./ra/fsp/src/r_sce/crypto_procedures/src/sce7/plainkey/primitive/hw_sce_p_p36a.o
LOAD ./ra/fsp/src/r_sce/crypto_procedures/src/sce7/plainkey/primitive/hw_sce_p_p36f.o
LOAD ./ra/fsp/src/r_sce/crypto_procedures/src/sce7/plainkey/primitive/hw_sce_p_p36i.o
LOAD ./ra/fsp/src/r_sce/crypto_procedures/src/sce7/plainkey/primitive/hw_sce_p_p36t.o
LOAD ./ra/fsp/src/r_sce/crypto_procedures/src/sce7/plainkey/primitive/hw_sce_p_p36u.o
LOAD ./ra/fsp/src/r_sce/crypto_procedures/src/sce7/plainkey/primitive/hw_sce_p_p41f.o
LOAD ./ra/fsp/src/r_sce/crypto_procedures/src/sce7/plainkey/primitive/hw_sce_p_p41i.o
LOAD ./ra/fsp/src/r_sce/crypto_procedures/src/sce7/plainkey/primitive/hw_sce_p_p41u.o
LOAD ./ra/fsp/src/r_sce/crypto_procedures/src/sce7/plainkey/primitive/hw_sce_p_p44f.o
LOAD ./ra/fsp/src/r_sce/crypto_procedures/src/sce7/plainkey/primitive/hw_sce_p_p44i.o
LOAD ./ra/fsp/src/r_sce/crypto_procedures/src/sce7/plainkey/primitive/hw_sce_p_p44u.o
LOAD ./ra/fsp/src/r_sce/crypto_procedures/src/sce7/plainkey/primitive/hw_sce_p_p47f.o
LOAD ./ra/fsp/src/r_sce/crypto_procedures/src/sce7/plainkey/primitive/hw_sce_p_p47i.o
LOAD ./ra/fsp/src/r_sce/crypto_procedures/src/sce7/plainkey/primitive/hw_sce_p_p47u.o
LOAD ./ra/fsp/src/r_sce/crypto_procedures/src/sce7/plainkey/primitive/hw_sce_p_p50f.o
LOAD ./ra/fsp/src/r_sce/crypto_procedures/src/sce7/plainkey/primitive/hw_sce_p_p50i.o
LOAD ./ra/fsp/src/r_sce/crypto_procedures/src/sce7/plainkey/primitive/hw_sce_p_p50u.o
LOAD ./ra/fsp/src/r_sce/crypto_procedures/src/sce7/plainkey/primitive/hw_sce_p_p56.o
LOAD ./ra/fsp/src/r_sce/crypto_procedures/src/sce7/plainkey/primitive/hw_sce_p_p57.o
LOAD ./ra/fsp/src/r_sce/crypto_procedures/src/sce7/plainkey/primitive/hw_sce_p_p62.o
LOAD ./ra/fsp/src/r_sce/crypto_procedures/src/sce7/plainkey/primitive/hw_sce_p_p63.o
LOAD ./ra/fsp/src/r_sce/crypto_procedures/src/sce7/plainkey/primitive/hw_sce_p_p72.o
LOAD ./ra/fsp/src/r_sce/crypto_procedures/src/sce7/plainkey/primitive/hw_sce_p_p76f.o
LOAD ./ra/fsp/src/r_sce/crypto_procedures/src/sce7/plainkey/primitive/hw_sce_p_p76i.o
LOAD ./ra/fsp/src/r_sce/crypto_procedures/src/sce7/plainkey/primitive/hw_sce_p_p76u.o
LOAD ./ra/fsp/src/r_sce/crypto_procedures/src/sce7/plainkey/primitive/hw_sce_p_p80.o
LOAD ./ra/fsp/src/r_sce/crypto_procedures/src/sce7/plainkey/primitive/hw_sce_p_p83a.o
LOAD ./ra/fsp/src/r_sce/crypto_procedures/src/sce7/plainkey/primitive/hw_sce_p_p83f.o
LOAD ./ra/fsp/src/r_sce/crypto_procedures/src/sce7/plainkey/primitive/hw_sce_p_p83i.o
LOAD ./ra/fsp/src/r_sce/crypto_procedures/src/sce7/plainkey/primitive/hw_sce_p_p83t.o
LOAD ./ra/fsp/src/r_sce/crypto_procedures/src/sce7/plainkey/primitive/hw_sce_p_p83u.o
LOAD ./ra/fsp/src/r_sce/crypto_procedures/src/sce7/plainkey/primitive/hw_sce_p_p85a.o
LOAD ./ra/fsp/src/r_sce/crypto_procedures/src/sce7/plainkey/primitive/hw_sce_p_p85f.o
LOAD ./ra/fsp/src/r_sce/crypto_procedures/src/sce7/plainkey/primitive/hw_sce_p_p85i.o
LOAD ./ra/fsp/src/r_sce/crypto_procedures/src/sce7/plainkey/primitive/hw_sce_p_p85t.o
LOAD ./ra/fsp/src/r_sce/crypto_procedures/src/sce7/plainkey/primitive/hw_sce_p_p85u.o
LOAD ./ra/fsp/src/r_sce/crypto_procedures/src/sce7/plainkey/primitive/hw_sce_p_p89f.o
LOAD ./ra/fsp/src/r_sce/crypto_procedures/src/sce7/plainkey/primitive/hw_sce_p_p89i.o
LOAD ./ra/fsp/src/r_sce/crypto_procedures/src/sce7/plainkey/primitive/hw_sce_p_p89u.o
LOAD ./ra/fsp/src/r_sce/crypto_procedures/src/sce7/plainkey/primitive/hw_sce_p_p95f.o
LOAD ./ra/fsp/src/r_sce/crypto_procedures/src/sce7/plainkey/primitive/hw_sce_p_p95i.o
LOAD ./ra/fsp/src/r_sce/crypto_procedures/src/sce7/plainkey/primitive/hw_sce_p_p95u.o
LOAD ./ra/fsp/src/r_sce/crypto_procedures/src/sce7/plainkey/primitive/hw_sce_p_p98f.o
LOAD ./ra/fsp/src/r_sce/crypto_procedures/src/sce7/plainkey/primitive/hw_sce_p_p98i.o
LOAD ./ra/fsp/src/r_sce/crypto_procedures/src/sce7/plainkey/primitive/hw_sce_p_p98u.o
LOAD ./ra/fsp/src/r_sce/crypto_procedures/src/sce7/plainkey/primitive/hw_sce_p_p9a.o
LOAD ./ra/fsp/src/r_sce/crypto_procedures/src/sce7/plainkey/primitive/hw_sce_p_p9b.o
LOAD ./ra/fsp/src/r_sce/crypto_procedures/src/sce7/plainkey/primitive/hw_sce_p_pa1f.o
LOAD ./ra/fsp/src/r_sce/crypto_procedures/src/sce7/plainkey/primitive/hw_sce_p_pa1i.o
LOAD ./ra/fsp/src/r_sce/crypto_procedures/src/sce7/plainkey/primitive/hw_sce_p_pa1u.o
LOAD ./ra/fsp/src/r_sce/crypto_procedures/src/sce7/plainkey/primitive/hw_sce_p_pa4f.o
LOAD ./ra/fsp/src/r_sce/crypto_procedures/src/sce7/plainkey/primitive/hw_sce_p_pa4i.o
LOAD ./ra/fsp/src/r_sce/crypto_procedures/src/sce7/plainkey/primitive/hw_sce_p_pa4u.o
LOAD ./ra/fsp/src/r_sce/crypto_procedures/src/sce7/plainkey/primitive/hw_sce_p_pa7f.o
LOAD ./ra/fsp/src/r_sce/crypto_procedures/src/sce7/plainkey/primitive/hw_sce_p_pa7i.o
LOAD ./ra/fsp/src/r_sce/crypto_procedures/src/sce7/plainkey/primitive/hw_sce_p_pa7u.o
LOAD ./ra/fsp/src/r_sce/crypto_procedures/src/sce7/plainkey/primitive/hw_sce_p_pb0f.o
LOAD ./ra/fsp/src/r_sce/crypto_procedures/src/sce7/plainkey/primitive/hw_sce_p_pb0i.o
LOAD ./ra/fsp/src/r_sce/crypto_procedures/src/sce7/plainkey/primitive/hw_sce_p_pb0u.o
LOAD ./ra/fsp/src/r_sce/crypto_procedures/src/sce7/plainkey/primitive/hw_sce_p_pb3f.o
LOAD ./ra/fsp/src/r_sce/crypto_procedures/src/sce7/plainkey/primitive/hw_sce_p_pb3i.o
LOAD ./ra/fsp/src/r_sce/crypto_procedures/src/sce7/plainkey/primitive/hw_sce_p_pb3u.o
LOAD ./ra/fsp/src/r_sce/crypto_procedures/src/sce7/plainkey/primitive/hw_sce_p_pb6f.o
LOAD ./ra/fsp/src/r_sce/crypto_procedures/src/sce7/plainkey/primitive/hw_sce_p_pb6i.o
LOAD ./ra/fsp/src/r_sce/crypto_procedures/src/sce7/plainkey/primitive/hw_sce_p_pb6u.o
LOAD ./ra/fsp/src/r_sce/crypto_procedures/src/sce7/plainkey/primitive/hw_sce_p_pb9f.o
LOAD ./ra/fsp/src/r_sce/crypto_procedures/src/sce7/plainkey/primitive/hw_sce_p_pb9i.o
LOAD ./ra/fsp/src/r_sce/crypto_procedures/src/sce7/plainkey/primitive/hw_sce_p_pb9u.o
LOAD ./ra/fsp/src/r_sce/crypto_procedures/src/sce7/plainkey/primitive/hw_sce_p_pc2f.o
LOAD ./ra/fsp/src/r_sce/crypto_procedures/src/sce7/plainkey/primitive/hw_sce_p_pc2i.o
LOAD ./ra/fsp/src/r_sce/crypto_procedures/src/sce7/plainkey/primitive/hw_sce_p_pc2u.o
LOAD ./ra/fsp/src/r_sce/crypto_procedures/src/sce7/plainkey/primitive/hw_sce_p_pf0.o
LOAD ./ra/fsp/src/r_sce/crypto_procedures/src/sce7/plainkey/primitive/hw_sce_p_pf1.o
LOAD ./ra/fsp/src/r_sce/crypto_procedures/src/sce7/plainkey/primitive/hw_sce_p_pf3.o
LOAD ./ra/fsp/src/r_sce/crypto_procedures/src/sce7/plainkey/primitive/hw_sce_p_pf4.o
LOAD ./ra/fsp/src/r_sce/crypto_procedures/src/sce7/plainkey/primitive/hw_sce_p_pf5.o
LOAD ./ra/fsp/src/r_sce/crypto_procedures/src/sce7/plainkey/primitive/hw_sce_p_pf6.o
LOAD ./ra/fsp/src/r_sce/crypto_procedures/src/sce7/plainkey/primitive/hw_sce_p_pf8.o
LOAD ./ra/fsp/src/r_sce/crypto_procedures/src/sce7/plainkey/primitive/hw_sce_p_pf9.o
LOAD ./ra/fsp/src/r_sce/crypto_procedures/src/sce7/plainkey/primitive/hw_sce_p_pfa.o
LOAD ./ra/fsp/src/r_sce/crypto_procedures/src/sce7/plainkey/primitive/hw_sce_p_pfb.o
LOAD ./ra/fsp/src/r_sce/crypto_procedures/src/sce7/plainkey/primitive/hw_sce_p_subprc01.o
LOAD ./ra/fsp/src/r_sce/crypto_procedures/src/sce7/plainkey/primitive/hw_sce_p_subprc02.o
LOAD ./ra/fsp/src/r_sce/crypto_procedures/src/sce7/plainkey/primitive/s_flash.o
LOAD ./ra/fsp/src/r_sce/crypto_procedures/src/sce7/plainkey/adaptors/r_sce_adapt.o
LOAD ./ra/fsp/src/r_ioport/r_ioport.o
LOAD ./ra/fsp/src/r_flash_hp/r_flash_hp.o
LOAD ./ra/fsp/src/bsp/mcu/all/bsp_clocks.o
LOAD ./ra/fsp/src/bsp/mcu/all/bsp_common.o
LOAD ./ra/fsp/src/bsp/mcu/all/bsp_delay.o
LOAD ./ra/fsp/src/bsp/mcu/all/bsp_group_irq.o
LOAD ./ra/fsp/src/bsp/mcu/all/bsp_guard.o
LOAD ./ra/fsp/src/bsp/mcu/all/bsp_io.o
LOAD ./ra/fsp/src/bsp/mcu/all/bsp_irq.o
LOAD ./ra/fsp/src/bsp/mcu/all/bsp_macl.o
LOAD ./ra/fsp/src/bsp/mcu/all/bsp_register_protection.o
LOAD ./ra/fsp/src/bsp/mcu/all/bsp_rom_registers.o
LOAD ./ra/fsp/src/bsp/mcu/all/bsp_sbrk.o
LOAD ./ra/fsp/src/bsp/mcu/all/bsp_security.o
LOAD ./ra/fsp/src/bsp/cmsis/Device/RENESAS/Source/startup.o
LOAD ./ra/fsp/src/bsp/cmsis/Device/RENESAS/Source/system.o
LOAD ./ra/board/ra6m3_ek/board_init.o
LOAD ./ra/board/ra6m3_ek/board_leds.o
LOAD ./ra/arm/mbedtls/library/aes.o
LOAD ./ra/arm/mbedtls/library/aesce.o
LOAD ./ra/arm/mbedtls/library/aesni.o
LOAD ./ra/arm/mbedtls/library/aria.o
LOAD ./ra/arm/mbedtls/library/asn1parse.o
LOAD ./ra/arm/mbedtls/library/asn1write.o
LOAD ./ra/arm/mbedtls/library/base64.o
LOAD ./ra/arm/mbedtls/library/bignum.o
LOAD ./ra/arm/mbedtls/library/bignum_core.o
LOAD ./ra/arm/mbedtls/library/bignum_mod.o
LOAD ./ra/arm/mbedtls/library/bignum_mod_raw.o
LOAD ./ra/arm/mbedtls/library/camellia.o
LOAD ./ra/arm/mbedtls/library/ccm.o
LOAD ./ra/arm/mbedtls/library/chacha20.o
LOAD ./ra/arm/mbedtls/library/chachapoly.o
LOAD ./ra/arm/mbedtls/library/cipher.o
LOAD ./ra/arm/mbedtls/library/cipher_wrap.o
LOAD ./ra/arm/mbedtls/library/cmac.o
LOAD ./ra/arm/mbedtls/library/constant_time.o
LOAD ./ra/arm/mbedtls/library/ctr_drbg.o
LOAD ./ra/arm/mbedtls/library/debug.o
LOAD ./ra/arm/mbedtls/library/des.o
LOAD ./ra/arm/mbedtls/library/dhm.o
LOAD ./ra/arm/mbedtls/library/ecdh.o
LOAD ./ra/arm/mbedtls/library/ecdsa.o
LOAD ./ra/arm/mbedtls/library/ecjpake.o
LOAD ./ra/arm/mbedtls/library/ecp.o
LOAD ./ra/arm/mbedtls/library/ecp_curves.o
LOAD ./ra/arm/mbedtls/library/entropy.o
LOAD ./ra/arm/mbedtls/library/entropy_poll.o
LOAD ./ra/arm/mbedtls/library/error.o
LOAD ./ra/arm/mbedtls/library/gcm.o
LOAD ./ra/arm/mbedtls/library/hash_info.o
LOAD ./ra/arm/mbedtls/library/hkdf.o
LOAD ./ra/arm/mbedtls/library/hmac_drbg.o
LOAD ./ra/arm/mbedtls/library/lmots.o
LOAD ./ra/arm/mbedtls/library/lms.o
LOAD ./ra/arm/mbedtls/library/md.o
LOAD ./ra/arm/mbedtls/library/md5.o
LOAD ./ra/arm/mbedtls/library/memory_buffer_alloc.o
LOAD ./ra/arm/mbedtls/library/mps_reader.o
LOAD ./ra/arm/mbedtls/library/mps_trace.o
LOAD ./ra/arm/mbedtls/library/net_sockets.o
LOAD ./ra/arm/mbedtls/library/nist_kw.o
LOAD ./ra/arm/mbedtls/library/oid.o
LOAD ./ra/arm/mbedtls/library/padlock.o
LOAD ./ra/arm/mbedtls/library/pem.o
LOAD ./ra/arm/mbedtls/library/pk.o
LOAD ./ra/arm/mbedtls/library/pk_wrap.o
LOAD ./ra/arm/mbedtls/library/pkcs12.o
LOAD ./ra/arm/mbedtls/library/pkcs5.o
LOAD ./ra/arm/mbedtls/library/pkcs7.o
LOAD ./ra/arm/mbedtls/library/pkparse.o
LOAD ./ra/arm/mbedtls/library/pkwrite.o
LOAD ./ra/arm/mbedtls/library/platform.o
LOAD ./ra/arm/mbedtls/library/platform_util.o
LOAD ./ra/arm/mbedtls/library/poly1305.o
LOAD ./ra/arm/mbedtls/library/psa_crypto.o
LOAD ./ra/arm/mbedtls/library/psa_crypto_aead.o
LOAD ./ra/arm/mbedtls/library/psa_crypto_cipher.o
LOAD ./ra/arm/mbedtls/library/psa_crypto_client.o
LOAD ./ra/arm/mbedtls/library/psa_crypto_driver_wrappers.o
LOAD ./ra/arm/mbedtls/library/psa_crypto_ecp.o
LOAD ./ra/arm/mbedtls/library/psa_crypto_hash.o
LOAD ./ra/arm/mbedtls/library/psa_crypto_mac.o
LOAD ./ra/arm/mbedtls/library/psa_crypto_pake.o
LOAD ./ra/arm/mbedtls/library/psa_crypto_rsa.o
LOAD ./ra/arm/mbedtls/library/psa_crypto_se.o
LOAD ./ra/arm/mbedtls/library/psa_crypto_slot_management.o
LOAD ./ra/arm/mbedtls/library/psa_crypto_storage.o
LOAD ./ra/arm/mbedtls/library/psa_its_file.o
LOAD ./ra/arm/mbedtls/library/psa_util.o
LOAD ./ra/arm/mbedtls/library/ripemd160.o
LOAD ./ra/arm/mbedtls/library/rsa.o
LOAD ./ra/arm/mbedtls/library/rsa_alt_helpers.o
LOAD ./ra/arm/mbedtls/library/sha1.o
LOAD ./ra/arm/mbedtls/library/sha256.o
LOAD ./ra/arm/mbedtls/library/sha512.o
LOAD ./ra/arm/mbedtls/library/threading.o
LOAD ./ra/arm/mbedtls/library/timing.o
LOAD ./ra/arm/mbedtls/library/version.o
LOAD ./ra/arm/mbedtls/library/version_features.o
END GROUP
START GROUP
LOAD C:/Program Files (x86)/Arm GNU Toolchain arm-none-eabi/13.2 Rel1/bin/../lib/gcc/arm-none-eabi/13.2.1/thumb/v7e-m+fp/hard\libgcc.a
LOAD C:/Program Files (x86)/Arm GNU Toolchain arm-none-eabi/13.2 Rel1/bin/../lib/gcc/arm-none-eabi/13.2.1/thumb/v7e-m+fp/hard\libg_nano.a
LOAD C:/Program Files (x86)/Arm GNU Toolchain arm-none-eabi/13.2 Rel1/bin/../lib/gcc/arm-none-eabi/13.2.1/thumb/v7e-m+fp/hard\libc_nano.a
END GROUP
START GROUP
LOAD C:/Program Files (x86)/Arm GNU Toolchain arm-none-eabi/13.2 Rel1/bin/../lib/gcc/arm-none-eabi/13.2.1/thumb/v7e-m+fp/hard\libgcc.a
LOAD C:/Program Files (x86)/Arm GNU Toolchain arm-none-eabi/13.2 Rel1/bin/../lib/gcc/arm-none-eabi/13.2.1/thumb/v7e-m+fp/hard\libc_nano.a
END GROUP
LOAD C:/Program Files (x86)/Arm GNU Toolchain arm-none-eabi/13.2 Rel1/bin/../lib/gcc/arm-none-eabi/13.2.1/thumb/v7e-m+fp/hard/crtend.o
LOAD C:/Program Files (x86)/Arm GNU Toolchain arm-none-eabi/13.2 Rel1/bin/../lib/gcc/arm-none-eabi/13.2.1/thumb/v7e-m+fp/hard/crtn.o
                0x1ffe0000                        RAM_START = 0x1ffe0000
                0x000a0000                        RAM_LENGTH = 0xa0000
                0x00000000                        FLASH_START = 0x0
                0x00200000                        FLASH_LENGTH = 0x200000
                0x40100000                        DATA_FLASH_START = 0x40100000
                0x00010000                        DATA_FLASH_LENGTH = 0x10000
                0x00000000                        OPTION_SETTING_START = 0x0
                0x00000000                        OPTION_SETTING_LENGTH = 0x0
                0x80000000                        OPTION_SETTING_S_START = 0x80000000
                0x00000000                        OPTION_SETTING_S_LENGTH = 0x0
                0x0100a150                        ID_CODE_START = 0x100a150
                0x00000010                        ID_CODE_LENGTH = 0x10
                0x90000000                        SDRAM_START = 0x90000000
                0x08000000                        SDRAM_LENGTH = 0x8000000
                0x60000000                        QSPI_FLASH_START = 0x60000000
                0x04000000                        QSPI_FLASH_LENGTH = 0x4000000
                0x80020000                        OSPI_DEVICE_0_START = 0x80020000
                0x00000000                        OSPI_DEVICE_0_LENGTH = 0x0
                0x80030000                        OSPI_DEVICE_1_START = 0x80030000
                0x00000000                        OSPI_DEVICE_1_LENGTH = 0x0
                0x00020000                        FLASH_BOOTLOADER_LENGTH = 0x20000
                0x00000200                        FLASH_BOOTLOADER_HEADER_LENGTH = 0x200
                0x00000200                        FLASH_BOOTLOADER_HEADER_LENGTH_2 = 0x200
                0x00008000                        FLASH_BOOTLOADER_SCRATCH_LENGTH = 0x8000
                0x00090000                        FLASH_APPLICATION_S_LENGTH = 0x90000
                0x00000000                        FLASH_APPLICATION_NSC_LENGTH = 0x0
                0x00000000                        FLASH_APPLICATION_NS_LENGTH = 0x0
                0x00000000                        RAM_APPLICATION_NSC_LENGTH = 0x0
                0x00000000                        RAM_APPLICATION_NS_LENGTH = 0x0
                0x00000001                        FLASH_APPLICATION_IMAGE_NUMBER = 0x1
                0x04000000                        QSPI_FLASH_PRV_LENGTH = DEFINED (QSPI_FLASH_SIZE)?ABSOLUTE (QSPI_FLASH_SIZE):ABSOLUTE (QSPI_FLASH_LENGTH)
                0x00000000                        OSPI_DEVICE_0_PRV_LENGTH = DEFINED (OSPI_DEVICE_0_SIZE)?ABSOLUTE (OSPI_DEVICE_0_SIZE):ABSOLUTE (OSPI_DEVICE_0_LENGTH)
                0x00000000                        OSPI_DEVICE_1_PRV_LENGTH = DEFINED (OSPI_DEVICE_1_SIZE)?ABSOLUTE (OSPI_DEVICE_1_SIZE):ABSOLUTE (OSPI_DEVICE_1_LENGTH)
                0x00000000                        __RESERVE_NS_RAM = ((! (DEFINED (PROJECT_NONSECURE)) && DEFINED (RAM_NS_BUFFER_LENGTH)) && (OPTION_SETTING_S_LENGTH != 0x0))
                0x00000000                        ITCM_START = DEFINED (ITCM_START)?ITCM_START:0x0
                0x00000000                        ITCM_LENGTH = DEFINED (ITCM_LENGTH)?ITCM_LENGTH:0x0
                0x00000000                        DTCM_START = DEFINED (DTCM_START)?DTCM_START:0x0
                0x00000000                        DTCM_LENGTH = DEFINED (DTCM_LENGTH)?DTCM_LENGTH:0x0
                0x00000000                        RAM_NS_BUFFER_BLOCK_LENGTH = DEFINED (RAM_NS_BUFFER_LENGTH)?ALIGN (RAM_NS_BUFFER_LENGTH, 0x2000):0x0
                0x00000000                        RAM_NS_BUFFER_LENGTH = DEFINED (RAM_NS_BUFFER_LENGTH)?RAM_NS_BUFFER_LENGTH:0x0
                0x20080000                        RAM_NS_BUFFER_START = ((RAM_START + RAM_LENGTH) - RAM_NS_BUFFER_LENGTH)
                0x20080000                        RAM_NS_BUFFER_BLOCK_START = ((RAM_START + RAM_LENGTH) - RAM_NS_BUFFER_BLOCK_LENGTH)
                0x00000080                        OPTION_SETTING_START_NS = DEFINED (PROJECT_NONSECURE)?OPTION_SETTING_START:(OPTION_SETTING_START + 0x80)
                0x00000001                        __bl_FSP_BOOTABLE_IMAGE = 0x1
                0x00000001                        __bln_FSP_BOOTABLE_IMAGE = 0x1
                0x00000000                        PROJECT_SECURE_OR_FLAT = (((! (DEFINED (PROJECT_NONSECURE)) || DEFINED (PROJECT_SECURE)) && OPTION_SETTING_LENGTH) && ! (DEFINED (FSP_BOOTABLE_IMAGE)))
                0x00000000                        USE_OPTION_SETTING_NS = (DEFINED (PROJECT_NONSECURE) && ! (DEFINED (FSP_BOOTABLE_IMAGE)))
                0x00020200                        __bl_FLASH_IMAGE_START = ! (DEFINED (FLASH_BOOTLOADER_LENGTH))?0x0:(FLASH_APPLICATION_IMAGE_NUMBER == 0x1)?((FLASH_START + FLASH_BOOTLOADER_LENGTH) + FLASH_BOOTLOADER_HEADER_LENGTH):DEFINED (BOOTLOADER_SECONDARY_USE_QSPI)?(((FLASH_START + FLASH_BOOTLOADER_LENGTH) + FLASH_BOOTLOADER_SCRATCH_LENGTH) + FLASH_BOOTLOADER_HEADER_LENGTH):((((FLASH_START + FLASH_BOOTLOADER_LENGTH) + FLASH_BOOTLOADER_SCRATCH_LENGTH) + FLASH_APPLICATION_S_LENGTH) + FLASH_BOOTLOADER_HEADER_LENGTH)
                0x0008fe00                        __bl_FLASH_IMAGE_LENGTH = ! (DEFINED (FLASH_BOOTLOADER_LENGTH))?0x0:(FLASH_APPLICATION_S_LENGTH - FLASH_BOOTLOADER_HEADER_LENGTH)
                0x000b0000                        __bl_FLASH_IMAGE_END = (__bl_FLASH_IMAGE_START + __bl_FLASH_IMAGE_LENGTH)
                0x000b0200                        __bl_XIP_SECONDARY_FLASH_IMAGE_START = ! (DEFINED (FLASH_BOOTLOADER_LENGTH))?0x0:((FLASH_BOOTLOADER_LENGTH + FLASH_APPLICATION_S_LENGTH) + FLASH_BOOTLOADER_HEADER_LENGTH)
                0x00140000                        __bl_XIP_SECONDARY_FLASH_IMAGE_END = (__bl_XIP_SECONDARY_FLASH_IMAGE_START + __bl_FLASH_IMAGE_LENGTH)
                0x000b0000                        __bl_FLASH_NS_START = ! (DEFINED (FLASH_BOOTLOADER_LENGTH))?0x0:(FLASH_APPLICATION_NS_LENGTH == 0x0)?__bl_FLASH_IMAGE_END:((__bl_FLASH_IMAGE_START - FLASH_BOOTLOADER_HEADER_LENGTH) + FLASH_APPLICATION_S_LENGTH)
                0x000b0000                        __bl_FLASH_NSC_START = ! (DEFINED (FLASH_BOOTLOADER_LENGTH))?0x0:(FLASH_APPLICATION_NS_LENGTH == 0x0)?__bl_FLASH_IMAGE_END:(__bl_FLASH_IMAGE_END - FLASH_APPLICATION_NSC_LENGTH)
                0x20080000                        __bl_RAM_NS_START = ! (DEFINED (FLASH_BOOTLOADER_LENGTH))?0x0:(FLASH_APPLICATION_NS_LENGTH == 0x0)?(RAM_START + RAM_LENGTH):((RAM_START + RAM_LENGTH) - RAM_APPLICATION_NS_LENGTH)
                0x20080000                        __bl_RAM_NSC_START = ! (DEFINED (FLASH_BOOTLOADER_LENGTH))?0x0:(FLASH_APPLICATION_NS_LENGTH == 0x0)?(RAM_START + RAM_LENGTH):(__bl_RAM_NS_START - RAM_APPLICATION_NSC_LENGTH)
                0x000b0000                        __bl_FLASH_NS_IMAGE_START = ! (DEFINED (FLASH_BOOTLOADER_LENGTH))?0x0:(FLASH_APPLICATION_NS_LENGTH == 0x0)?__bl_FLASH_IMAGE_END:(__bl_FLASH_NS_START + FLASH_BOOTLOADER_HEADER_LENGTH_2)
                0x000b0000                        __bln_FLASH_IMAGE_START = (__bl_FLASH_NS_IMAGE_START | ! (DEFINED (NS_OFFSET_START))?0x0:NS_OFFSET_START)
                0x000b0000                        __bln_FLASH_IMAGE_LENGTH = ! (DEFINED (FLASH_BOOTLOADER_LENGTH))?0x0:(FLASH_APPLICATION_NS_LENGTH == 0x0)?__bl_FLASH_IMAGE_END:(FLASH_APPLICATION_NS_LENGTH - FLASH_BOOTLOADER_HEADER_LENGTH_2)
                0x00000000                        XIP_SECONDARY_SLOT_IMAGE = DEFINED (XIP_SECONDARY_SLOT_IMAGE)?XIP_SECONDARY_SLOT_IMAGE:0x0
                0x00000000                        FLASH_ORIGIN = ! (DEFINED (FLASH_IMAGE_START))?FLASH_START:(XIP_SECONDARY_SLOT_IMAGE == 0x1)?XIP_SECONDARY_FLASH_IMAGE_START:FLASH_IMAGE_START
                0x00020000                        LIMITED_FLASH_LENGTH = DEFINED (FLASH_IMAGE_LENGTH)?FLASH_IMAGE_LENGTH:DEFINED (FLASH_BOOTLOADER_LENGTH)?FLASH_BOOTLOADER_LENGTH:FLASH_LENGTH
                0x00000034                        OPTION_SETTING_SAS_SIZE = 0x34
                0x00000000                        OPTION_SETTING_SAS_LENGTH = ! (DEFINED (OPTION_SETTING_LENGTH))?0x0:(OPTION_SETTING_LENGTH == 0x0)?0x0:(OPTION_SETTING_LENGTH - OPTION_SETTING_SAS_SIZE)
START GROUP
LOAD C:/Program Files (x86)/Arm GNU Toolchain arm-none-eabi/13.2 Rel1/bin/../lib/gcc/arm-none-eabi/13.2.1/thumb/v7e-m+fp/hard\libgcc.a
LOAD C:/Program Files (x86)/Arm GNU Toolchain arm-none-eabi/13.2 Rel1/bin/../lib/gcc/arm-none-eabi/13.2.1/thumb/v7e-m+fp/hard\libc.a
LOAD C:/Program Files (x86)/Arm GNU Toolchain arm-none-eabi/13.2 Rel1/bin/../lib/gcc/arm-none-eabi/13.2.1/thumb/v7e-m+fp/hard\libm.a
END GROUP

.text           0x00000000    0x11ccc
                0x00000000                        __tz_FLASH_S = ABSOLUTE (FLASH_START)
                0x00000000                        __ROM_Start = .
 *(.fixed_vectors*)
 .fixed_vectors
                0x00000000       0x40 ./ra/fsp/src/bsp/cmsis/Device/RENESAS/Source/startup.o
                0x00000000                __Vectors
 *(.application_vectors*)
                0x00000040                        __Vectors_End = .
 *(.flash_gap*)
                0x00000400                        . = (OPTION_SETTING_LENGTH > 0x0)?.:(__ROM_Start + 0x400)
 *fill*         0x00000040      0x3c0 ff
 *(.rom_registers*)
 .rom_registers
                0x00000400       0x3c ./ra/fsp/src/bsp/mcu/all/bsp_rom_registers.o
 *(.mcuboot_sce9_key*)
 *(.text*)
 .text.deregister_tm_clones
                0x0000043c       0x1c C:/Program Files (x86)/Arm GNU Toolchain arm-none-eabi/13.2 Rel1/bin/../lib/gcc/arm-none-eabi/13.2.1/thumb/v7e-m+fp/hard/crtbegin.o
 .text.register_tm_clones
                0x00000458       0x24 C:/Program Files (x86)/Arm GNU Toolchain arm-none-eabi/13.2 Rel1/bin/../lib/gcc/arm-none-eabi/13.2.1/thumb/v7e-m+fp/hard/crtbegin.o
 .text.__do_global_dtors_aux
                0x0000047c       0x28 C:/Program Files (x86)/Arm GNU Toolchain arm-none-eabi/13.2 Rel1/bin/../lib/gcc/arm-none-eabi/13.2.1/thumb/v7e-m+fp/hard/crtbegin.o
 .text.frame_dummy
                0x000004a4       0x24 C:/Program Files (x86)/Arm GNU Toolchain arm-none-eabi/13.2 Rel1/bin/../lib/gcc/arm-none-eabi/13.2.1/thumb/v7e-m+fp/hard/crtbegin.o
 .text.mcuboot_quick_setup
                0x000004c8       0x50 ./src/hal_entry.o
                0x000004c8                mcuboot_quick_setup
 .text.hal_entry
                0x00000518        0x4 ./src/hal_entry.o
                0x00000518                hal_entry
 .text.R_BSP_WarmStart
                0x0000051c       0x18 ./src/hal_entry.o
                0x0000051c                R_BSP_WarmStart
 .text.startup.main
                0x00000534        0xc ./ra_gen/main.o
                0x00000534                main
 .text.boot_status_off.part.0
                0x00000540       0x1c ./ra/mcu-tools/MCUboot/boot/bootutil/src/bootutil_misc.o
 .text.boot_fih_memequal
                0x0000055c        0x4 ./ra/mcu-tools/MCUboot/boot/bootutil/src/bootutil_misc.o
                0x0000055c                boot_fih_memequal
 .text.boot_trailer_sz
                0x00000560        0xc ./ra/mcu-tools/MCUboot/boot/bootutil/src/bootutil_misc.o
                0x00000560                boot_trailer_sz
 .text.boot_status_entries
                0x0000056c       0x14 ./ra/mcu-tools/MCUboot/boot/bootutil/src/bootutil_misc.o
                0x0000056c                boot_status_entries
 .text.boot_status_off
                0x00000580       0x28 ./ra/mcu-tools/MCUboot/boot/bootutil/src/bootutil_misc.o
                0x00000580                boot_status_off
 .text.boot_find_status
                0x000005a8       0x60 ./ra/mcu-tools/MCUboot/boot/bootutil/src/bootutil_misc.o
                0x000005a8                boot_find_status
 .text.boot_read_swap_size
                0x00000608       0x1c ./ra/mcu-tools/MCUboot/boot/bootutil/src/bootutil_misc.o
                0x00000608                boot_read_swap_size
 .text.boot_write_copy_done
                0x00000624       0x10 ./ra/mcu-tools/MCUboot/boot/bootutil/src/bootutil_misc.o
                0x00000624                boot_write_copy_done
 .text.boot_write_swap_size
                0x00000634       0x20 ./ra/mcu-tools/MCUboot/boot/bootutil/src/bootutil_misc.o
                0x00000634                boot_write_swap_size
 .text.bootutil_max_image_size
                0x00000654       0x28 ./ra/mcu-tools/MCUboot/boot/bootutil/src/bootutil_misc.o
                0x00000654                bootutil_max_image_size
 .text.boot_swap_info_off
                0x0000067c       0x10 ./ra/mcu-tools/MCUboot/boot/bootutil/src/bootutil_public.o
                0x0000067c                boot_swap_info_off
 .text.boot_magic_compatible_check
                0x0000068c       0x20 ./ra/mcu-tools/MCUboot/boot/bootutil/src/bootutil_public.o
                0x0000068c                boot_magic_compatible_check
 .text.bootutil_buffer_is_erased
                0x000006ac       0x30 ./ra/mcu-tools/MCUboot/boot/bootutil/src/bootutil_public.o
                0x000006ac                bootutil_buffer_is_erased
 .text.boot_write_magic
                0x000006dc       0x44 ./ra/mcu-tools/MCUboot/boot/bootutil/src/bootutil_public.o
                0x000006dc                boot_write_magic
 .text.boot_write_trailer
                0x00000720       0x64 ./ra/mcu-tools/MCUboot/boot/bootutil/src/bootutil_public.o
                0x00000720                boot_write_trailer
 .text.boot_write_trailer_flag
                0x00000784       0x18 ./ra/mcu-tools/MCUboot/boot/bootutil/src/bootutil_public.o
                0x00000784                boot_write_trailer_flag
 .text.boot_write_image_ok
                0x0000079c       0x20 ./ra/mcu-tools/MCUboot/boot/bootutil/src/bootutil_public.o
                0x0000079c                boot_write_image_ok
 .text.boot_read_image_ok
                0x000007bc       0x44 ./ra/mcu-tools/MCUboot/boot/bootutil/src/bootutil_public.o
                0x000007bc                boot_read_image_ok
 .text.boot_read_swap_state
                0x00000800       0xf8 ./ra/mcu-tools/MCUboot/boot/bootutil/src/bootutil_public.o
                0x00000800                boot_read_swap_state
 .text.boot_read_swap_state_by_id
                0x000008f8       0x30 ./ra/mcu-tools/MCUboot/boot/bootutil/src/bootutil_public.o
                0x000008f8                boot_read_swap_state_by_id
 .text.boot_write_swap_info
                0x00000928       0x60 ./ra/mcu-tools/MCUboot/boot/bootutil/src/bootutil_public.o
                0x00000928                boot_write_swap_info
 .text.boot_swap_type_multi
                0x00000988       0xe4 ./ra/mcu-tools/MCUboot/boot/bootutil/src/bootutil_public.o
                0x00000988                boot_swap_type_multi
 .text.bootutil_verify_sig
                0x00000a6c       0xfc ./ra/mcu-tools/MCUboot/boot/bootutil/src/image_ec.o
                0x00000a6c                bootutil_verify_sig
 .text.bootutil_img_validate
                0x00000b68      0x210 ./ra/mcu-tools/MCUboot/boot/bootutil/src/image_validate.o
                0x00000b68                bootutil_img_validate
 .text.boot_read_image_size.constprop.0
                0x00000d78       0xa0 ./ra/mcu-tools/MCUboot/boot/bootutil/src/loader.o
 .text.boot_swap_image
                0x00000e18       0xd8 ./ra/mcu-tools/MCUboot/boot/bootutil/src/loader.o
 .text.boot_validate_slot.isra.0
                0x00000ef0      0x104 ./ra/mcu-tools/MCUboot/boot/bootutil/src/loader.o
 .text.boot_read_sectors
                0x00000ff4       0x6c ./ra/mcu-tools/MCUboot/boot/bootutil/src/loader.o
 .text.boot_write_status
                0x00001060       0x74 ./ra/mcu-tools/MCUboot/boot/bootutil/src/loader.o
                0x00001060                boot_write_status
 .text.boot_erase_region
                0x000010d4        0x4 ./ra/mcu-tools/MCUboot/boot/bootutil/src/loader.o
                0x000010d4                boot_erase_region
 .text.boot_copy_region
                0x000010d8       0x5c ./ra/mcu-tools/MCUboot/boot/bootutil/src/loader.o
                0x000010d8                boot_copy_region
 .text.context_boot_go
                0x00001134      0x380 ./ra/mcu-tools/MCUboot/boot/bootutil/src/loader.o
                0x00001134                context_boot_go
 .text.boot_go  0x000014b4       0x1c ./ra/mcu-tools/MCUboot/boot/bootutil/src/loader.o
                0x000014b4                boot_go
 .text.swap_erase_trailer_sectors
                0x000014d0       0x8c ./ra/mcu-tools/MCUboot/boot/bootutil/src/swap_misc.o
                0x000014d0                swap_erase_trailer_sectors
 .text.swap_status_init
                0x0000155c       0x94 ./ra/mcu-tools/MCUboot/boot/bootutil/src/swap_misc.o
                0x0000155c                swap_status_init
 .text.swap_read_status
                0x000015f0       0xac ./ra/mcu-tools/MCUboot/boot/bootutil/src/swap_misc.o
                0x000015f0                swap_read_status
 .text.swap_set_copy_done
                0x0000169c       0x2c ./ra/mcu-tools/MCUboot/boot/bootutil/src/swap_misc.o
                0x0000169c                swap_set_copy_done
 .text.swap_set_image_ok
                0x000016c8       0x44 ./ra/mcu-tools/MCUboot/boot/bootutil/src/swap_misc.o
                0x000016c8                swap_set_image_ok
 .text.boot_read_image_header
                0x0000170c       0x3c ./ra/mcu-tools/MCUboot/boot/bootutil/src/swap_scratch.o
                0x0000170c                boot_read_image_header
 .text.swap_read_status_bytes
                0x00001748       0xc0 ./ra/mcu-tools/MCUboot/boot/bootutil/src/swap_scratch.o
                0x00001748                swap_read_status_bytes
 .text.boot_status_internal_off
                0x00001808       0x18 ./ra/mcu-tools/MCUboot/boot/bootutil/src/swap_scratch.o
                0x00001808                boot_status_internal_off
 .text.boot_slots_compatible
                0x00001820       0xb8 ./ra/mcu-tools/MCUboot/boot/bootutil/src/swap_scratch.o
                0x00001820                boot_slots_compatible
 .text.swap_status_source
                0x000018d8       0x8c ./ra/mcu-tools/MCUboot/boot/bootutil/src/swap_scratch.o
                0x000018d8                swap_status_source
 .text.swap_run
                0x00001964      0x4a8 ./ra/mcu-tools/MCUboot/boot/bootutil/src/swap_scratch.o
                0x00001964                swap_run
 .text.bootutil_tlv_iter_begin
                0x00001e0c       0x9c ./ra/mcu-tools/MCUboot/boot/bootutil/src/tlv.o
                0x00001e0c                bootutil_tlv_iter_begin
 .text.bootutil_tlv_iter_next
                0x00001ea8       0xb4 ./ra/mcu-tools/MCUboot/boot/bootutil/src/tlv.o
                0x00001ea8                bootutil_tlv_iter_next
 .text.mbedtls_ecdsa_verify
                0x00001f5c      0x114 ./ra/fsp/src/rm_psa_crypto/ecdsa_alt.o
                0x00001f5c                mbedtls_ecdsa_verify
 .text.HW_SCE_ECC_256VerifySign
                0x00002070       0xa0 ./ra/fsp/src/rm_psa_crypto/ecdsa_alt_process.o
                0x00002070                HW_SCE_ECC_256VerifySign
 .text.ecp_modp
                0x00002110       0x8c ./ra/fsp/src/rm_psa_crypto/ecp_alt.o
 .text.ecp_sw_rhs.part.0
                0x0000219c       0xcc ./ra/fsp/src/rm_psa_crypto/ecp_alt.o
 .text.mbedtls_ecp_group_init
                0x00002268       0x54 ./ra/fsp/src/rm_psa_crypto/ecp_alt.o
                0x00002268                mbedtls_ecp_group_init
 .text.mbedtls_ecp_keypair_init
                0x000022bc       0x2c ./ra/fsp/src/rm_psa_crypto/ecp_alt.o
                0x000022bc                mbedtls_ecp_keypair_init
 .text.mbedtls_ecp_group_free
                0x000022e8       0x7c ./ra/fsp/src/rm_psa_crypto/ecp_alt.o
                0x000022e8                mbedtls_ecp_group_free
 .text.mbedtls_ecp_keypair_free
                0x00002364       0x30 ./ra/fsp/src/rm_psa_crypto/ecp_alt.o
                0x00002364                mbedtls_ecp_keypair_free
 .text.mbedtls_ecp_point_read_binary
                0x00002394      0x188 ./ra/fsp/src/rm_psa_crypto/ecp_alt.o
                0x00002394                mbedtls_ecp_point_read_binary
 .text.mbedtls_ecp_check_pubkey
                0x0000251c       0xe8 ./ra/fsp/src/rm_psa_crypto/ecp_alt.o
                0x0000251c                mbedtls_ecp_check_pubkey
 .text.mbedtls_ecp_group_load
                0x00002604       0x88 ./ra/fsp/src/rm_psa_crypto/ecp_curves_alt.o
                0x00002604                mbedtls_ecp_group_load
 .text.mbedtls_platform_setup
                0x0000268c       0x14 ./ra/fsp/src/rm_psa_crypto/platform_alt.o
                0x0000268c                mbedtls_platform_setup
 .text.mbedtls_sha256_init
                0x000026a0        0x8 ./ra/fsp/src/rm_psa_crypto/sha256_alt.o
                0x000026a0                mbedtls_sha256_init
 .text.mbedtls_sha256_starts
                0x000026a8       0xc0 ./ra/fsp/src/rm_psa_crypto/sha256_alt.o
                0x000026a8                mbedtls_sha256_starts
 .text.mbedtls_sha256_update
                0x00002768       0xa0 ./ra/fsp/src/rm_psa_crypto/sha256_alt.o
                0x00002768                mbedtls_sha256_update
 .text.mbedtls_sha256_finish
                0x00002808       0x9c ./ra/fsp/src/rm_psa_crypto/sha256_alt.o
                0x00002808                mbedtls_sha256_finish
 .text.mbedtls_internal_sha256_process_ext
                0x000028a4       0x78 ./ra/fsp/src/rm_psa_crypto/sha256_alt_process.o
                0x000028a4                mbedtls_internal_sha256_process_ext
 .text.flash_on_chip_cleanup.part.0
                0x0000291c       0x1c ./ra/fsp/src/rm_mcuboot_port/flash_map.o
 .text.flash_area_open
                0x00002938       0x84 ./ra/fsp/src/rm_mcuboot_port/flash_map.o
                0x00002938                flash_area_open
 .text.flash_area_close
                0x000029bc        0x4 ./ra/fsp/src/rm_mcuboot_port/flash_map.o
                0x000029bc                flash_area_close
 .text.flash_area_read
                0x000029c0       0x90 ./ra/fsp/src/rm_mcuboot_port/flash_map.o
                0x000029c0                flash_area_read
 .text.flash_on_chip_flush
                0x00002a50       0x50 ./ra/fsp/src/rm_mcuboot_port/flash_map.o
                0x00002a50                flash_on_chip_flush
 .text.flash_area_write
                0x00002aa0       0xb0 ./ra/fsp/src/rm_mcuboot_port/flash_map.o
                0x00002aa0                flash_area_write
 .text.flash_area_erase
                0x00002b50       0x70 ./ra/fsp/src/rm_mcuboot_port/flash_map.o
                0x00002b50                flash_area_erase
 .text.flash_area_align
                0x00002bc0       0x10 ./ra/fsp/src/rm_mcuboot_port/flash_map.o
                0x00002bc0                flash_area_align
 .text.flash_area_get_sectors
                0x00002bd0       0x5c ./ra/fsp/src/rm_mcuboot_port/flash_map.o
                0x00002bd0                flash_area_get_sectors
 .text.flash_area_id_from_multi_image_slot
                0x00002c2c       0x14 ./ra/fsp/src/rm_mcuboot_port/flash_map.o
                0x00002c2c                flash_area_id_from_multi_image_slot
 .text.flash_area_erased_val
                0x00002c40        0x4 ./ra/fsp/src/rm_mcuboot_port/flash_map.o
                0x00002c40                flash_area_erased_val
 .text.rm_mcuboot_cleanup
                0x00002c44       0x38 ./ra/fsp/src/rm_mcuboot_port/flash_map.o
                0x00002c44                rm_mcuboot_cleanup
 .text.start_app
                0x00002c7c       0x10 ./ra/fsp/src/rm_mcuboot_port/rm_mcuboot_port.o
 .text.RM_MCUBOOT_PORT_BootApp
                0x00002c8c       0x30 ./ra/fsp/src/rm_mcuboot_port/rm_mcuboot_port.o
                0x00002c8c                RM_MCUBOOT_PORT_BootApp
 .text.HW_SCE_p_func006
                0x00002cbc      0x5fc ./ra/fsp/src/r_sce/crypto_procedures/src/sce7/plainkey/primitive/hw_sce_p_func006.o
                0x00002cbc                HW_SCE_p_func006
 .text.HW_SCE_p_func009
                0x000032b8      0x240 ./ra/fsp/src/r_sce/crypto_procedures/src/sce7/plainkey/primitive/hw_sce_p_func009.o
                0x000032b8                HW_SCE_p_func009
 .text.HW_SCE_p_func011
                0x000034f8      0x3a0 ./ra/fsp/src/r_sce/crypto_procedures/src/sce7/plainkey/primitive/hw_sce_p_func011.o
                0x000034f8                HW_SCE_p_func011
 .text.HW_SCE_p_func022_r1
                0x00003898       0xd0 ./ra/fsp/src/r_sce/crypto_procedures/src/sce7/plainkey/primitive/hw_sce_p_func022.o
                0x00003898                HW_SCE_p_func022_r1
 .text.HW_SCE_p_func023_r1
                0x00003968       0xd0 ./ra/fsp/src/r_sce/crypto_procedures/src/sce7/plainkey/primitive/hw_sce_p_func023.o
                0x00003968                HW_SCE_p_func023_r1
 .text.HW_SCE_p_func050
                0x00003a38       0x28 ./ra/fsp/src/r_sce/crypto_procedures/src/sce7/plainkey/primitive/hw_sce_p_func050.o
                0x00003a38                HW_SCE_p_func050
 .text.HW_SCE_p_func051
                0x00003a60       0x20 ./ra/fsp/src/r_sce/crypto_procedures/src/sce7/plainkey/primitive/hw_sce_p_func051.o
                0x00003a60                HW_SCE_p_func051
 .text.HW_SCE_p_func052
                0x00003a80       0x38 ./ra/fsp/src/r_sce/crypto_procedures/src/sce7/plainkey/primitive/hw_sce_p_func052.o
                0x00003a80                HW_SCE_p_func052
 .text.HW_SCE_p_func053
                0x00003ab8       0x3c ./ra/fsp/src/r_sce/crypto_procedures/src/sce7/plainkey/primitive/hw_sce_p_func053.o
                0x00003ab8                HW_SCE_p_func053
 .text.HW_SCE_p_func054
                0x00003af4       0x24 ./ra/fsp/src/r_sce/crypto_procedures/src/sce7/plainkey/primitive/hw_sce_p_func054.o
                0x00003af4                HW_SCE_p_func054
 .text.HW_SCE_p_func070
                0x00003b18      0x4a8 ./ra/fsp/src/r_sce/crypto_procedures/src/sce7/plainkey/primitive/hw_sce_p_func070.o
                0x00003b18                HW_SCE_p_func070
 .text.HW_SCE_p_func071
                0x00003fc0      0x5ac ./ra/fsp/src/r_sce/crypto_procedures/src/sce7/plainkey/primitive/hw_sce_p_func071.o
                0x00003fc0                HW_SCE_p_func071
 .text.HW_SCE_p_func073
                0x0000456c      0xed0 ./ra/fsp/src/r_sce/crypto_procedures/src/sce7/plainkey/primitive/hw_sce_p_func073.o
                0x0000456c                HW_SCE_p_func073
 .text.HW_SCE_p_func076
                0x0000543c       0x50 ./ra/fsp/src/r_sce/crypto_procedures/src/sce7/plainkey/primitive/hw_sce_p_func076.o
                0x0000543c                HW_SCE_p_func076
 .text.HW_SCE_p_func077
                0x0000548c       0x50 ./ra/fsp/src/r_sce/crypto_procedures/src/sce7/plainkey/primitive/hw_sce_p_func077.o
                0x0000548c                HW_SCE_p_func077
 .text.HW_SCE_p_func100
                0x000054dc       0x58 ./ra/fsp/src/r_sce/crypto_procedures/src/sce7/plainkey/primitive/hw_sce_p_func100.o
                0x000054dc                HW_SCE_p_func100
 .text.HW_SCE_p_func101
                0x00005534       0x58 ./ra/fsp/src/r_sce/crypto_procedures/src/sce7/plainkey/primitive/hw_sce_p_func101.o
                0x00005534                HW_SCE_p_func101
 .text.HW_SCE_p_func102
                0x0000558c       0x4c ./ra/fsp/src/r_sce/crypto_procedures/src/sce7/plainkey/primitive/hw_sce_p_func102.o
                0x0000558c                HW_SCE_p_func102
 .text.HW_SCE_p_func103
                0x000055d8       0xc8 ./ra/fsp/src/r_sce/crypto_procedures/src/sce7/plainkey/primitive/hw_sce_p_func103.o
                0x000055d8                HW_SCE_p_func103
 .text.HW_SCE_SoftwareResetSub
                0x000056a0       0x1c ./ra/fsp/src/r_sce/crypto_procedures/src/sce7/plainkey/primitive/hw_sce_p_p00.o
                0x000056a0                HW_SCE_SoftwareResetSub
 .text.HW_SCE_SelfCheck1Sub
                0x000056bc      0x1e4 ./ra/fsp/src/r_sce/crypto_procedures/src/sce7/plainkey/primitive/hw_sce_p_p01.o
                0x000056bc                HW_SCE_SelfCheck1Sub
 .text.HW_SCE_SelfCheck2Sub
                0x000058a0      0x538 ./ra/fsp/src/r_sce/crypto_procedures/src/sce7/plainkey/primitive/hw_sce_p_p02.o
                0x000058a0                HW_SCE_SelfCheck2Sub
 .text.HW_SCE_GenerateAes128KeyIndexSub
                0x00005dd8      0x8b8 ./ra/fsp/src/r_sce/crypto_procedures/src/sce7/plainkey/primitive/hw_sce_p_p03.o
                0x00005dd8                HW_SCE_GenerateAes128KeyIndexSub
 .text.HW_SCE_GenerateAes256KeyIndexSub
                0x00006690      0x948 ./ra/fsp/src/r_sce/crypto_procedures/src/sce7/plainkey/primitive/hw_sce_p_p04.o
                0x00006690                HW_SCE_GenerateAes256KeyIndexSub
 .text.HW_SCE_GenerateAes192KeyIndexSub
                0x00006fd8      0x94c ./ra/fsp/src/r_sce/crypto_procedures/src/sce7/plainkey/primitive/hw_sce_p_p11.o
                0x00006fd8                HW_SCE_GenerateAes192KeyIndexSub
 .text.HW_SCE_GenerateAes128XtsKeyIndexSub
                0x00007924      0x948 ./ra/fsp/src/r_sce/crypto_procedures/src/sce7/plainkey/primitive/hw_sce_p_p12.o
                0x00007924                HW_SCE_GenerateAes128XtsKeyIndexSub
 .text.HW_SCE_GenerateRsa2048PublicKeyIndexSub
                0x0000826c      0xc9c ./ra/fsp/src/r_sce/crypto_procedures/src/sce7/plainkey/primitive/hw_sce_p_p62.o
                0x0000826c                HW_SCE_GenerateRsa2048PublicKeyIndexSub
 .text.HW_SCE_GenerateRsa2048PrivateKeyIndexSub
                0x00008f08      0xd50 ./ra/fsp/src/r_sce/crypto_procedures/src/sce7/plainkey/primitive/hw_sce_p_p63.o
                0x00008f08                HW_SCE_GenerateRsa2048PrivateKeyIndexSub
 .text.HW_SCE_Sha224256GenerateMessageDigestSub
                0x00009c58      0x1bc ./ra/fsp/src/r_sce/crypto_procedures/src/sce7/plainkey/primitive/hw_sce_p_p72.o
                0x00009c58                HW_SCE_Sha224256GenerateMessageDigestSub
 .text.HW_SCE_EcdsaSignatureVerificationSub
                0x00009e14      0x5b0 ./ra/fsp/src/r_sce/crypto_procedures/src/sce7/plainkey/primitive/hw_sce_p_pf1.o
                0x00009e14                HW_SCE_EcdsaSignatureVerificationSub
 .text.HW_SCE_GenerateEccPrivateKeyIndexSub
                0x0000a3c4      0x9a4 ./ra/fsp/src/r_sce/crypto_procedures/src/sce7/plainkey/primitive/hw_sce_p_pf3.o
                0x0000a3c4                HW_SCE_GenerateEccPrivateKeyIndexSub
 .text.HW_SCE_GenerateEccP384PrivateKeyIndexSub
                0x0000ad68      0xa40 ./ra/fsp/src/r_sce/crypto_procedures/src/sce7/plainkey/primitive/hw_sce_p_pf8.o
                0x0000ad68                HW_SCE_GenerateEccP384PrivateKeyIndexSub
 .text.HW_SCE_GenerateEccPublicKeyIndexSub
                0x0000b7a8      0xb54 ./ra/fsp/src/r_sce/crypto_procedures/src/sce7/plainkey/primitive/hw_sce_p_pfa.o
                0x0000b7a8                HW_SCE_GenerateEccPublicKeyIndexSub
 .text.HW_SCE_GenerateEccP384PublicKeyIndexSub
                0x0000c2fc      0xb3c ./ra/fsp/src/r_sce/crypto_procedures/src/sce7/plainkey/primitive/hw_sce_p_pfb.o
                0x0000c2fc                HW_SCE_GenerateEccP384PublicKeyIndexSub
 .text.HW_SCE_SelfCheck1SubSub
                0x0000ce38      0x2f0 ./ra/fsp/src/r_sce/crypto_procedures/src/sce7/plainkey/primitive/hw_sce_p_subprc01.o
                0x0000ce38                HW_SCE_SelfCheck1SubSub
 .text.HW_SCE_SelfCheck2SubSub
                0x0000d128       0xf8 ./ra/fsp/src/r_sce/crypto_procedures/src/sce7/plainkey/primitive/hw_sce_p_subprc02.o
                0x0000d128                HW_SCE_SelfCheck2SubSub
 .text.HW_SCE_McuSpecificInit
                0x0000d220       0x38 ./ra/fsp/src/r_sce/crypto_procedures/src/sce7/plainkey/adaptors/r_sce_adapt.o
                0x0000d220                HW_SCE_McuSpecificInit
 .text.HW_SCE_GenerateOemKeyIndexPrivate
                0x0000d258      0x1dc ./ra/fsp/src/r_sce/crypto_procedures/src/sce7/plainkey/adaptors/r_sce_adapt.o
                0x0000d258                HW_SCE_GenerateOemKeyIndexPrivate
 .text.HW_SCE_ShaGenerateMessageDigestSub
                0x0000d434       0x10 ./ra/fsp/src/r_sce/crypto_procedures/src/sce7/plainkey/adaptors/r_sce_adapt.o
                0x0000d434                HW_SCE_ShaGenerateMessageDigestSub
 .text.change_endian_long
                0x0000d444        0x4 ./ra/fsp/src/r_sce/crypto_procedures/src/sce7/plainkey/adaptors/r_sce_adapt.o
                0x0000d444                change_endian_long
 .text.HW_SCE_EcdsaSignatureVerificationSubAdaptor
                0x0000d448        0x4 ./ra/fsp/src/r_sce/crypto_procedures/src/sce7/plainkey/adaptors/r_sce_adapt.o
                0x0000d448                HW_SCE_EcdsaSignatureVerificationSubAdaptor
 .text.bsp_vbatt_init
                0x0000d44c       0xe8 ./ra/fsp/src/r_ioport/r_ioport.o
 .text.r_ioport_pins_config
                0x0000d534       0xac ./ra/fsp/src/r_ioport/r_ioport.o
 .text.R_IOPORT_Open
                0x0000d5e0       0x14 ./ra/fsp/src/r_ioport/r_ioport.o
                0x0000d5e0                R_IOPORT_Open
 .text.R_FLASH_HP_Close
                0x0000d5f4       0x6c ./ra/fsp/src/r_flash_hp/r_flash_hp.o
                0x0000d5f4                R_FLASH_HP_Close
 .text.flash_hp_init
                0x0000d660      0x104 ./ra/fsp/src/r_flash_hp/r_flash_hp.o
 .text.R_FLASH_HP_Open
                0x0000d764       0xec ./ra/fsp/src/r_flash_hp/r_flash_hp.o
                0x0000d764                R_FLASH_HP_Open
 .text.R_FLASH_HP_Write
                0x0000d850       0x2c ./ra/fsp/src/r_flash_hp/r_flash_hp.o
                0x0000d850                R_FLASH_HP_Write
 .text.R_FLASH_HP_Erase
                0x0000d87c       0x28 ./ra/fsp/src/r_flash_hp/r_flash_hp.o
                0x0000d87c                R_FLASH_HP_Erase
 .text.SystemCoreClockUpdate
                0x0000d8a4       0x28 ./ra/fsp/src/bsp/mcu/all/bsp_clocks.o
                0x0000d8a4                SystemCoreClockUpdate
 .text.R_BSP_SubClockStabilizeWaitAfterReset
                0x0000d8cc        0x4 ./ra/fsp/src/bsp/mcu/all/bsp_clocks.o
                0x0000d8cc                R_BSP_SubClockStabilizeWaitAfterReset
 .text.bsp_clock_init
                0x0000d8d0      0x138 ./ra/fsp/src/bsp/mcu/all/bsp_clocks.o
                0x0000d8d0                bsp_clock_init
 .text.R_BSP_Init_RTC
                0x0000da08       0xb0 ./ra/fsp/src/bsp/mcu/all/bsp_clocks.o
                0x0000da08                R_BSP_Init_RTC
 .text.__assert_func
                0x0000dab8        0x4 ./ra/fsp/src/bsp/mcu/all/bsp_common.o
                0x0000dab8                __assert_func
 .text.bsp_prv_software_delay_loop
                0x0000dabc        0xc ./ra/fsp/src/bsp/mcu/all/bsp_delay.o
                0x0000dabc                bsp_prv_software_delay_loop
 .text.R_BSP_SoftwareDelay
                0x0000dac8       0x50 ./ra/fsp/src/bsp/mcu/all/bsp_delay.o
                0x0000dac8                R_BSP_SoftwareDelay
 .text.NMI_Handler
                0x0000db18       0x3c ./ra/fsp/src/bsp/mcu/all/bsp_group_irq.o
                0x0000db18                NMI_Handler
 .text.bsp_irq_cfg
                0x0000db54       0x30 ./ra/fsp/src/bsp/mcu/all/bsp_irq.o
                0x0000db54                bsp_irq_cfg
 .text.R_BSP_RegisterProtectEnable
                0x0000db84       0x60 ./ra/fsp/src/bsp/mcu/all/bsp_register_protection.o
                0x0000db84                R_BSP_RegisterProtectEnable
 .text.R_BSP_RegisterProtectDisable
                0x0000dbe4       0x54 ./ra/fsp/src/bsp/mcu/all/bsp_register_protection.o
                0x0000dbe4                R_BSP_RegisterProtectDisable
 .text._sbrk    0x0000dc38       0x3c ./ra/fsp/src/bsp/mcu/all/bsp_sbrk.o
                0x0000dc38                _sbrk
 .text.Default_Handler
                0x0000dc74        0x4 ./ra/fsp/src/bsp/cmsis/Device/RENESAS/Source/startup.o
                0x0000dc74                DebugMon_Handler
                0x0000dc74                HardFault_Handler
                0x0000dc74                SysTick_Handler
                0x0000dc74                PendSV_Handler
                0x0000dc74                UsageFault_Handler
                0x0000dc74                SecureFault_Handler
                0x0000dc74                Default_Handler
                0x0000dc74                MemManage_Handler
                0x0000dc74                SVC_Handler
                0x0000dc74                BusFault_Handler
 .text.Reset_Handler
                0x0000dc78        0xc ./ra/fsp/src/bsp/cmsis/Device/RENESAS/Source/startup.o
                0x0000dc78                Reset_Handler
 .text.SystemInit
                0x0000dc84       0xbc ./ra/fsp/src/bsp/cmsis/Device/RENESAS/Source/system.o
                0x0000dc84                SystemInit
 .text.bsp_init
                0x0000dd40        0x4 ./ra/board/ra6m3_ek/board_init.o
                0x0000dd40                bsp_init
 .text.mbedtls_asn1_get_len
                0x0000dd44       0xb4 ./ra/arm/mbedtls/library/asn1parse.o
                0x0000dd44                mbedtls_asn1_get_len
 .text.mbedtls_asn1_get_tag
                0x0000ddf8       0x30 ./ra/arm/mbedtls/library/asn1parse.o
                0x0000ddf8                mbedtls_asn1_get_tag
 .text.mbedtls_asn1_get_mpi
                0x0000de28       0x48 ./ra/arm/mbedtls/library/asn1parse.o
                0x0000de28                mbedtls_asn1_get_mpi
 .text.mbedtls_asn1_get_bitstring_null
                0x0000de70       0x4c ./ra/arm/mbedtls/library/asn1parse.o
                0x0000de70                mbedtls_asn1_get_bitstring_null
 .text.mbedtls_asn1_get_alg
                0x0000debc       0xc4 ./ra/arm/mbedtls/library/asn1parse.o
                0x0000debc                mbedtls_asn1_get_alg
 .text.mbedtls_mpi_init
                0x0000df80        0xc ./ra/arm/mbedtls/library/bignum.o
                0x0000df80                mbedtls_mpi_init
 .text.mbedtls_mpi_free
                0x0000df8c       0x28 ./ra/arm/mbedtls/library/bignum.o
                0x0000df8c                mbedtls_mpi_free
 .text.mbedtls_mpi_grow
                0x0000dfb4       0x54 ./ra/arm/mbedtls/library/bignum.o
                0x0000dfb4                mbedtls_mpi_grow
 .text.mbedtls_mpi_resize_clear
                0x0000e008       0x68 ./ra/arm/mbedtls/library/bignum.o
 .text.mbedtls_mpi_copy
                0x0000e070       0x7c ./ra/arm/mbedtls/library/bignum.o
                0x0000e070                mbedtls_mpi_copy
 .text.mbedtls_mpi_lset
                0x0000e0ec       0x64 ./ra/arm/mbedtls/library/bignum.o
                0x0000e0ec                mbedtls_mpi_lset
 .text.mbedtls_mpi_get_bit
                0x0000e150       0x20 ./ra/arm/mbedtls/library/bignum.o
                0x0000e150                mbedtls_mpi_get_bit
 .text.mbedtls_mpi_bitlen
                0x0000e170        0x8 ./ra/arm/mbedtls/library/bignum.o
                0x0000e170                mbedtls_mpi_bitlen
 .text.mbedtls_mpi_size
                0x0000e178       0x10 ./ra/arm/mbedtls/library/bignum.o
                0x0000e178                mbedtls_mpi_size
 .text.mbedtls_mpi_read_binary
                0x0000e188       0x2c ./ra/arm/mbedtls/library/bignum.o
                0x0000e188                mbedtls_mpi_read_binary
 .text.mbedtls_mpi_write_binary
                0x0000e1b4       0x10 ./ra/arm/mbedtls/library/bignum.o
                0x0000e1b4                mbedtls_mpi_write_binary
 .text.mbedtls_mpi_shift_l
                0x0000e1c4       0xb8 ./ra/arm/mbedtls/library/bignum.o
                0x0000e1c4                mbedtls_mpi_shift_l
 .text.mbedtls_mpi_shift_r
                0x0000e27c       0x18 ./ra/arm/mbedtls/library/bignum.o
                0x0000e27c                mbedtls_mpi_shift_r
 .text.mbedtls_mpi_cmp_abs
                0x0000e294       0x84 ./ra/arm/mbedtls/library/bignum.o
                0x0000e294                mbedtls_mpi_cmp_abs
 .text.mbedtls_mpi_cmp_mpi
                0x0000e318       0x9c ./ra/arm/mbedtls/library/bignum.o
                0x0000e318                mbedtls_mpi_cmp_mpi
 .text.mbedtls_mpi_cmp_int
                0x0000e3b4       0x28 ./ra/arm/mbedtls/library/bignum.o
                0x0000e3b4                mbedtls_mpi_cmp_int
 .text.mbedtls_mpi_add_abs
                0x0000e3dc       0x8c ./ra/arm/mbedtls/library/bignum.o
                0x0000e3dc                mbedtls_mpi_add_abs
 .text.mbedtls_mpi_sub_abs
                0x0000e468       0xa0 ./ra/arm/mbedtls/library/bignum.o
                0x0000e468                mbedtls_mpi_sub_abs
 .text.add_sub_mpi
                0x0000e508       0x6c ./ra/arm/mbedtls/library/bignum.o
 .text.mbedtls_mpi_add_mpi
                0x0000e574        0x8 ./ra/arm/mbedtls/library/bignum.o
                0x0000e574                mbedtls_mpi_add_mpi
 .text.mbedtls_mpi_sub_mpi
                0x0000e57c        0x8 ./ra/arm/mbedtls/library/bignum.o
                0x0000e57c                mbedtls_mpi_sub_mpi
 .text.mbedtls_mpi_add_int
                0x0000e584       0x28 ./ra/arm/mbedtls/library/bignum.o
                0x0000e584                mbedtls_mpi_add_int
 .text.mbedtls_mpi_sub_int
                0x0000e5ac       0x2c ./ra/arm/mbedtls/library/bignum.o
                0x0000e5ac                mbedtls_mpi_sub_int
 .text.mbedtls_mpi_mul_mpi
                0x0000e5d8      0x140 ./ra/arm/mbedtls/library/bignum.o
                0x0000e5d8                mbedtls_mpi_mul_mpi
 .text.mbedtls_mpi_mul_int
                0x0000e718       0x8c ./ra/arm/mbedtls/library/bignum.o
                0x0000e718                mbedtls_mpi_mul_int
 .text.mbedtls_mpi_div_mpi
                0x0000e7a4      0x414 ./ra/arm/mbedtls/library/bignum.o
                0x0000e7a4                mbedtls_mpi_div_mpi
 .text.mbedtls_mpi_mod_mpi
                0x0000ebb8       0xa0 ./ra/arm/mbedtls/library/bignum.o
                0x0000ebb8                mbedtls_mpi_mod_mpi
 .text.mbedtls_mpi_exp_mod
                0x0000ec58      0x640 ./ra/arm/mbedtls/library/bignum.o
                0x0000ec58                mbedtls_mpi_exp_mod
 .text.mbedtls_mpi_core_bitlen.part.0
                0x0000f298       0x50 ./ra/arm/mbedtls/library/bignum_core.o
 .text.mbedtls_mpi_core_bitlen
                0x0000f2e8        0xc ./ra/arm/mbedtls/library/bignum_core.o
                0x0000f2e8                mbedtls_mpi_core_bitlen
 .text.mbedtls_mpi_core_cond_assign
                0x0000f2f4       0x14 ./ra/arm/mbedtls/library/bignum_core.o
                0x0000f2f4                mbedtls_mpi_core_cond_assign
 .text.mbedtls_mpi_core_read_be
                0x0000f308       0x5c ./ra/arm/mbedtls/library/bignum_core.o
                0x0000f308                mbedtls_mpi_core_read_be
 .text.mbedtls_mpi_core_write_be
                0x0000f364       0x80 ./ra/arm/mbedtls/library/bignum_core.o
                0x0000f364                mbedtls_mpi_core_write_be
 .text.mbedtls_mpi_core_shift_r
                0x0000f3e4       0x94 ./ra/arm/mbedtls/library/bignum_core.o
                0x0000f3e4                mbedtls_mpi_core_shift_r
 .text.mbedtls_mpi_core_add
                0x0000f478       0x38 ./ra/arm/mbedtls/library/bignum_core.o
                0x0000f478                mbedtls_mpi_core_add
 .text.mbedtls_mpi_core_sub
                0x0000f4b0       0x40 ./ra/arm/mbedtls/library/bignum_core.o
                0x0000f4b0                mbedtls_mpi_core_sub
 .text.mbedtls_mpi_core_mla
                0x0000f4f0      0x198 ./ra/arm/mbedtls/library/bignum_core.o
                0x0000f4f0                mbedtls_mpi_core_mla
 .text.mbedtls_mpi_core_montmul_init
                0x0000f688       0x30 ./ra/arm/mbedtls/library/bignum_core.o
                0x0000f688                mbedtls_mpi_core_montmul_init
 .text.mbedtls_mpi_core_montmul
                0x0000f6b8       0xd8 ./ra/arm/mbedtls/library/bignum_core.o
                0x0000f6b8                mbedtls_mpi_core_montmul
 .text.mbedtls_mpi_core_sub_int
                0x0000f790       0x2c ./ra/arm/mbedtls/library/bignum_core.o
                0x0000f790                mbedtls_mpi_core_sub_int
 .text.mbedtls_ct_size_bool_eq
                0x0000f7bc        0xc ./ra/arm/mbedtls/library/constant_time.o
                0x0000f7bc                mbedtls_ct_size_bool_eq
 .text.mbedtls_ct_mpi_uint_cond_assign
                0x0000f7c8       0x30 ./ra/arm/mbedtls/library/constant_time.o
                0x0000f7c8                mbedtls_ct_mpi_uint_cond_assign
 .text.mbedtls_mpi_safe_cond_assign
                0x0000f7f8       0x68 ./ra/arm/mbedtls/library/constant_time.o
                0x0000f7f8                mbedtls_mpi_safe_cond_assign
 .text.mbedtls_ecdsa_read_signature_restartable
                0x0000f860       0x98 ./ra/arm/mbedtls/library/ecdsa.o
                0x0000f860                mbedtls_ecdsa_read_signature_restartable
 .text.mbedtls_ecdsa_read_signature
                0x0000f8f8       0x14 ./ra/arm/mbedtls/library/ecdsa.o
                0x0000f8f8                mbedtls_ecdsa_read_signature
 .text.mbedtls_ecdsa_init
                0x0000f90c        0x4 ./ra/arm/mbedtls/library/ecdsa.o
                0x0000f90c                mbedtls_ecdsa_init
 .text.mbedtls_ecdsa_free
                0x0000f910        0x8 ./ra/arm/mbedtls/library/ecdsa.o
                0x0000f910                mbedtls_ecdsa_free
 .text.mbedtls_calloc
                0x0000f918        0xc ./ra/arm/mbedtls/library/platform.o
                0x0000f918                mbedtls_calloc
 .text.mbedtls_free
                0x0000f924        0xc ./ra/arm/mbedtls/library/platform.o
                0x0000f924                mbedtls_free
 .text.mbedtls_platform_zeroize
                0x0000f930       0x14 ./ra/arm/mbedtls/library/platform_util.o
                0x0000f930                mbedtls_platform_zeroize
 .text          0x0000f944       0x30 C:/Program Files (x86)/Arm GNU Toolchain arm-none-eabi/13.2 Rel1/bin/../lib/gcc/arm-none-eabi/13.2.1/thumb/v7e-m+fp/hard\libgcc.a(_aeabi_uldivmod.o)
                0x0000f944                __aeabi_uldivmod
 .text.__udivmoddi4
                0x0000f974      0x2bc C:/Program Files (x86)/Arm GNU Toolchain arm-none-eabi/13.2 Rel1/bin/../lib/gcc/arm-none-eabi/13.2.1/thumb/v7e-m+fp/hard\libgcc.a(_udivmoddi4.o)
                0x0000f974                __udivmoddi4
 .text          0x0000fc30        0x4 C:/Program Files (x86)/Arm GNU Toolchain arm-none-eabi/13.2 Rel1/bin/../lib/gcc/arm-none-eabi/13.2.1/thumb/v7e-m+fp/hard\libgcc.a(_dvmd_tls.o)
                0x0000fc30                __aeabi_idiv0
                0x0000fc30                __aeabi_ldiv0
 .text.calloc   0x0000fc34       0x10 C:/Program Files (x86)/Arm GNU Toolchain arm-none-eabi/13.2 Rel1/bin/../lib/gcc/arm-none-eabi/13.2.1/thumb/v7e-m+fp/hard\libg_nano.a(libc_a-calloc.o)
                0x0000fc34                calloc
 .text._calloc_r
                0x0000fc44       0x28 C:/Program Files (x86)/Arm GNU Toolchain arm-none-eabi/13.2 Rel1/bin/../lib/gcc/arm-none-eabi/13.2.1/thumb/v7e-m+fp/hard\libg_nano.a(libc_a-callocr.o)
                0x0000fc44                _calloc_r
 .text.free     0x0000fc6c       0x10 C:/Program Files (x86)/Arm GNU Toolchain arm-none-eabi/13.2 Rel1/bin/../lib/gcc/arm-none-eabi/13.2.1/thumb/v7e-m+fp/hard\libg_nano.a(libc_a-malloc.o)
                0x0000fc6c                free
 .text.sbrk_aligned
                0x0000fc7c       0x44 C:/Program Files (x86)/Arm GNU Toolchain arm-none-eabi/13.2 Rel1/bin/../lib/gcc/arm-none-eabi/13.2.1/thumb/v7e-m+fp/hard\libg_nano.a(libc_a-mallocr.o)
 .text._malloc_r
                0x0000fcc0      0x100 C:/Program Files (x86)/Arm GNU Toolchain arm-none-eabi/13.2 Rel1/bin/../lib/gcc/arm-none-eabi/13.2.1/thumb/v7e-m+fp/hard\libg_nano.a(libc_a-mallocr.o)
                0x0000fcc0                _malloc_r
 .text.__malloc_lock
                0x0000fdc0        0xc C:/Program Files (x86)/Arm GNU Toolchain arm-none-eabi/13.2 Rel1/bin/../lib/gcc/arm-none-eabi/13.2.1/thumb/v7e-m+fp/hard\libg_nano.a(libc_a-mlock.o)
                0x0000fdc0                __malloc_lock
 .text.__malloc_unlock
                0x0000fdcc        0xc C:/Program Files (x86)/Arm GNU Toolchain arm-none-eabi/13.2 Rel1/bin/../lib/gcc/arm-none-eabi/13.2.1/thumb/v7e-m+fp/hard\libg_nano.a(libc_a-mlock.o)
                0x0000fdcc                __malloc_unlock
 .text.memcmp   0x0000fdd8       0x20 C:/Program Files (x86)/Arm GNU Toolchain arm-none-eabi/13.2 Rel1/bin/../lib/gcc/arm-none-eabi/13.2.1/thumb/v7e-m+fp/hard\libg_nano.a(libc_a-memcmp.o)
                0x0000fdd8                memcmp
 .text.memset   0x0000fdf8       0x10 C:/Program Files (x86)/Arm GNU Toolchain arm-none-eabi/13.2 Rel1/bin/../lib/gcc/arm-none-eabi/13.2.1/thumb/v7e-m+fp/hard\libg_nano.a(libc_a-memset.o)
                0x0000fdf8                memset
 .text._sbrk_r  0x0000fe08       0x20 C:/Program Files (x86)/Arm GNU Toolchain arm-none-eabi/13.2 Rel1/bin/../lib/gcc/arm-none-eabi/13.2.1/thumb/v7e-m+fp/hard\libg_nano.a(libc_a-sbrkr.o)
                0x0000fe08                _sbrk_r
 .text.__errno  0x0000fe28        0xc C:/Program Files (x86)/Arm GNU Toolchain arm-none-eabi/13.2 Rel1/bin/../lib/gcc/arm-none-eabi/13.2.1/thumb/v7e-m+fp/hard\libg_nano.a(libc_a-errno.o)
                0x0000fe28                __errno
 .text.__retarget_lock_acquire_recursive
                0x0000fe34        0x2 C:/Program Files (x86)/Arm GNU Toolchain arm-none-eabi/13.2 Rel1/bin/../lib/gcc/arm-none-eabi/13.2.1/thumb/v7e-m+fp/hard\libg_nano.a(libc_a-lock.o)
                0x0000fe34                __retarget_lock_acquire_recursive
 .text.__retarget_lock_release_recursive
                0x0000fe36        0x2 C:/Program Files (x86)/Arm GNU Toolchain arm-none-eabi/13.2 Rel1/bin/../lib/gcc/arm-none-eabi/13.2.1/thumb/v7e-m+fp/hard\libg_nano.a(libc_a-lock.o)
                0x0000fe36                __retarget_lock_release_recursive
 .text.memcpy   0x0000fe38       0x1c C:/Program Files (x86)/Arm GNU Toolchain arm-none-eabi/13.2 Rel1/bin/../lib/gcc/arm-none-eabi/13.2.1/thumb/v7e-m+fp/hard\libg_nano.a(libc_a-memcpy-stub.o)
                0x0000fe38                memcpy
 .text._free_r  0x0000fe54       0x94 C:/Program Files (x86)/Arm GNU Toolchain arm-none-eabi/13.2 Rel1/bin/../lib/gcc/arm-none-eabi/13.2.1/thumb/v7e-m+fp/hard\libg_nano.a(libc_a-freer.o)
                0x0000fe54                _free_r
 *(.version)
 .version       0x0000fee8       0x50 ./ra/fsp/src/bsp/mcu/all/bsp_common.o
 *(.init)
 .init          0x0000ff38        0x4 C:/Program Files (x86)/Arm GNU Toolchain arm-none-eabi/13.2 Rel1/bin/../lib/gcc/arm-none-eabi/13.2.1/thumb/v7e-m+fp/hard/crti.o
                0x0000ff38                _init
 .init          0x0000ff3c        0x8 C:/Program Files (x86)/Arm GNU Toolchain arm-none-eabi/13.2 Rel1/bin/../lib/gcc/arm-none-eabi/13.2.1/thumb/v7e-m+fp/hard/crtn.o
 *(.fini)
 .fini          0x0000ff44        0x4 C:/Program Files (x86)/Arm GNU Toolchain arm-none-eabi/13.2 Rel1/bin/../lib/gcc/arm-none-eabi/13.2.1/thumb/v7e-m+fp/hard/crti.o
                0x0000ff44                _fini
 .fini          0x0000ff48        0x8 C:/Program Files (x86)/Arm GNU Toolchain arm-none-eabi/13.2 Rel1/bin/../lib/gcc/arm-none-eabi/13.2.1/thumb/v7e-m+fp/hard/crtn.o
 .fini.__stub   0x0000ff50       0x10 linker stubs
 *crtbegin.o(.ctors)
 *crtbegin?.o(.ctors)
 *(EXCLUDE_FILE(*crtend.o *crtend?.o) .ctors)
 *(SORT_BY_NAME(.ctors.*))
 *(.ctors)
 *crtbegin.o(.dtors)
 *crtbegin?.o(.dtors)
 *(EXCLUDE_FILE(*crtend.o *crtend?.o) .dtors)
 *(SORT_BY_NAME(.dtors.*))
 *(.dtors)
 *(.rodata*)
 .rodata.mcuboot_quick_setup.str1.4
                0x0000ff60      0x233 ./src/hal_entry.o
                                 0x4b (size before relaxing)
 *fill*         0x00010193        0x1 ff
 .rodata.__func__.0
                0x00010194       0x14 ./src/hal_entry.o
 .rodata.bootutil_key_cnt
                0x000101a8        0x4 ./src/keys.o
                0x000101a8                bootutil_key_cnt
 .rodata.bootutil_keys
                0x000101ac        0x8 ./src/keys.o
                0x000101ac                bootutil_keys
 .rodata.root_pub_der_len
                0x000101b4        0x4 ./src/keys.o
                0x000101b4                root_pub_der_len
 .rodata.root_pub_der
                0x000101b8       0x5b ./src/keys.o
                0x000101b8                root_pub_der
 *fill*         0x00010213        0x1 ff
 .rodata.gp_mcuboot_flash_cfg
                0x00010214        0x4 ./ra_gen/hal_data.o
                0x00010214                gp_mcuboot_flash_cfg
 .rodata.gp_mcuboot_flash_ctrl
                0x00010218        0x4 ./ra_gen/hal_data.o
                0x00010218                gp_mcuboot_flash_ctrl
 .rodata.g_flash0_cfg
                0x0001021c       0x14 ./ra_gen/hal_data.o
                0x0001021c                g_flash0_cfg
 .rodata.g_bsp_pin_cfg
                0x00010230        0xc ./ra_gen/pin_data.o
                0x00010230                g_bsp_pin_cfg
 .rodata.g_bsp_pin_cfg_data
                0x0001023c       0x30 ./ra_gen/pin_data.o
                0x0001023c                g_bsp_pin_cfg_data
 .rodata.boot_status_off.part.0.str1.4
                0x0001026c       0x66 ./ra/mcu-tools/MCUboot/boot/bootutil/src/bootutil_misc.o
 .rodata.__func__.0
                0x0001026c       0x10 ./ra/mcu-tools/MCUboot/boot/bootutil/src/bootutil_misc.o
 .rodata.boot_write_swap_info.str1.4
                0x0001027c       0x62 ./ra/mcu-tools/MCUboot/boot/bootutil/src/bootutil_public.o
 .rodata.__func__.1
                0x0001027c       0x15 ./ra/mcu-tools/MCUboot/boot/bootutil/src/bootutil_public.o
 *fill*         0x00010291        0x3 ff
 .rodata.boot_swap_tables
                0x00010294       0x12 ./ra/mcu-tools/MCUboot/boot/bootutil/src/bootutil_public.o
 *fill*         0x000102a6        0x2 ff
 .rodata.boot_img_magic
                0x000102a8       0x10 ./ra/mcu-tools/MCUboot/boot/bootutil/src/bootutil_public.o
                0x000102a8                boot_img_magic
 .rodata.ec_oid
                0x000102b8        0x9 ./ra/mcu-tools/MCUboot/boot/bootutil/src/image_ec.o
 *fill*         0x000102c1        0x3 ff
 .rodata.ec_pubkey_oid
                0x000102c4        0x8 ./ra/mcu-tools/MCUboot/boot/bootutil/src/image_ec.o
 .rodata.boot_swap_image.str1.4
                0x000102cc       0x48 ./ra/mcu-tools/MCUboot/boot/bootutil/src/loader.o
 .rodata.context_boot_go.str1.4
                0x000102cc        0x2 ./ra/mcu-tools/MCUboot/boot/bootutil/src/loader.o
 .rodata.__func__.3
                0x000102cc       0x14 ./ra/mcu-tools/MCUboot/boot/bootutil/src/loader.o
 .rodata.__func__.4
                0x000102e0       0x10 ./ra/mcu-tools/MCUboot/boot/bootutil/src/loader.o
 .rodata.__func__.5
                0x000102f0       0x1b ./ra/mcu-tools/MCUboot/boot/bootutil/src/loader.o
 *fill*         0x0001030b        0x1 ff
 .rodata.__func__.6
                0x0001030c       0x1e ./ra/mcu-tools/MCUboot/boot/bootutil/src/loader.o
 *fill*         0x0001032a        0x2 ff
 .rodata.__func__.7
                0x0001032c       0x10 ./ra/mcu-tools/MCUboot/boot/bootutil/src/loader.o
 .rodata.swap_erase_trailer_sectors.str1.4
                0x0001033c       0x3e ./ra/mcu-tools/MCUboot/boot/bootutil/src/swap_misc.o
 .rodata.swap_read_status.str1.4
                0x0001033c        0x2 ./ra/mcu-tools/MCUboot/boot/bootutil/src/swap_misc.o
 .rodata.__func__.0
                0x0001033c       0x11 ./ra/mcu-tools/MCUboot/boot/bootutil/src/swap_misc.o
 *fill*         0x0001034d        0x3 ff
 .rodata.__func__.1
                0x00010350       0x11 ./ra/mcu-tools/MCUboot/boot/bootutil/src/swap_misc.o
 *fill*         0x00010361        0x3 ff
 .rodata.__func__.2
                0x00010364       0x1b ./ra/mcu-tools/MCUboot/boot/bootutil/src/swap_misc.o
 .rodata.swap_status_source.str1.4
                0x0001037f       0x41 ./ra/mcu-tools/MCUboot/boot/bootutil/src/swap_scratch.o
 *fill*         0x0001037f        0x1 ff
 .rodata.__func__.0
                0x00010380       0x12 ./ra/mcu-tools/MCUboot/boot/bootutil/src/swap_scratch.o
 *fill*         0x00010392        0x2 ff
 .rodata.__func__.1
                0x00010394       0x13 ./ra/mcu-tools/MCUboot/boot/bootutil/src/swap_scratch.o
 *fill*         0x000103a7        0x1 ff
 .rodata.boot_status_tables
                0x000103a8       0x10 ./ra/mcu-tools/MCUboot/boot/bootutil/src/swap_scratch.o
 .rodata.secp256r1_n
                0x000103b8       0x20 ./ra/fsp/src/rm_psa_crypto/ecp_curves_alt.o
 .rodata.secp256r1_gy
                0x000103d8       0x20 ./ra/fsp/src/rm_psa_crypto/ecp_curves_alt.o
 .rodata.secp256r1_gx
                0x000103f8       0x20 ./ra/fsp/src/rm_psa_crypto/ecp_curves_alt.o
 .rodata.secp256r1_b
                0x00010418       0x20 ./ra/fsp/src/rm_psa_crypto/ecp_curves_alt.o
 .rodata.secp256r1_p
                0x00010438       0x20 ./ra/fsp/src/rm_psa_crypto/ecp_curves_alt.o
 .rodata.flash_on_chip_cleanup.part.0.str1.4
                0x00010458       0x36 ./ra/fsp/src/rm_mcuboot_port/flash_map.o
 .rodata.flash_area_open.str1.4
                0x00010458        0xe ./ra/fsp/src/rm_mcuboot_port/flash_map.o
 .rodata.flash_area_erase.str1.4
                0x00010458       0x13 ./ra/fsp/src/rm_mcuboot_port/flash_map.o
 .rodata.__func__.0
                0x00010458       0x16 ./ra/fsp/src/rm_mcuboot_port/flash_map.o
 *fill*         0x0001046e        0x2 ff
 .rodata.__func__.1
                0x00010470       0x11 ./ra/fsp/src/rm_mcuboot_port/flash_map.o
 *fill*         0x00010481        0x3 ff
 .rodata.__func__.2
                0x00010484       0x10 ./ra/fsp/src/rm_mcuboot_port/flash_map.o
 .rodata.__func__.3
                0x00010494       0x10 ./ra/fsp/src/rm_mcuboot_port/flash_map.o
 .rodata.flash_map
                0x000104a4       0x24 ./ra/fsp/src/rm_mcuboot_port/flash_map.o
 .rodata.gp_flush_buffer_lookup
                0x000104c8        0x8 ./ra/fsp/src/rm_mcuboot_port/flash_map.o
 .rodata.S_FLASH
                0x000104d0     0x1610 ./ra/fsp/src/r_sce/crypto_procedures/src/sce7/plainkey/primitive/s_flash.o
                0x000104d0                S_FLASH
 .rodata.DomainParam_Koblitz_secp256k1
                0x00011ae0        0x4 ./ra/fsp/src/r_sce/crypto_procedures/src/sce7/plainkey/adaptors/r_sce_adapt.o
                0x00011ae0                DomainParam_Koblitz_secp256k1
 .rodata.DomainParam_Brainpool_256r1
                0x00011ae4        0x4 ./ra/fsp/src/r_sce/crypto_procedures/src/sce7/plainkey/adaptors/r_sce_adapt.o
                0x00011ae4                DomainParam_Brainpool_256r1
 .rodata.DomainParam_NIST_P256
                0x00011ae8        0x4 ./ra/fsp/src/r_sce/crypto_procedures/src/sce7/plainkey/adaptors/r_sce_adapt.o
                0x00011ae8                DomainParam_NIST_P256
 .rodata.sce_oem_key_size
                0x00011aec       0x90 ./ra/fsp/src/r_sce/crypto_procedures/src/sce7/plainkey/adaptors/r_sce_adapt.o
                0x00011aec                sce_oem_key_size
 .rodata.g_vbatt_pins_input
                0x00011b7c        0x6 ./ra/fsp/src/r_ioport/r_ioport.o
 *fill*         0x00011b82        0x2 ff
 .rodata.g_interrupt_event_link_select
                0x00011b84       0xc0 ./ra/fsp/src/bsp/mcu/all/bsp_irq.o
                0x00011b84                g_interrupt_event_link_select
 .rodata.g_prcr_masks
                0x00011c44        0x8 ./ra/fsp/src/bsp/mcu/all/bsp_register_protection.o
 .rodata.memset_func
                0x00011c4c        0x4 ./ra/arm/mbedtls/library/platform_util.o
                0x00011c4c                memset_func
                0x00011c50                        __usb_dev_descriptor_start_fs = .
 *(.usb_device_desc_fs*)
                0x00011c50                        __usb_cfg_descriptor_start_fs = .
 *(.usb_config_desc_fs*)
                0x00011c50                        __usb_interface_descriptor_start_fs = .
 *(.usb_interface_desc_fs*)
                0x00011c50                        __usb_descriptor_end_fs = .
                0x00011c50                        __usb_dev_descriptor_start_hs = .
 *(.usb_device_desc_hs*)
                0x00011c50                        __usb_cfg_descriptor_start_hs = .
 *(.usb_config_desc_hs*)
                0x00011c50                        __usb_interface_descriptor_start_hs = .
 *(.usb_interface_desc_hs*)
                0x00011c50                        __usb_descriptor_end_hs = .
 *(.eh_frame*)
 .eh_frame      0x00011c50        0x0 C:/Program Files (x86)/Arm GNU Toolchain arm-none-eabi/13.2 Rel1/bin/../lib/gcc/arm-none-eabi/13.2.1/thumb/v7e-m+fp/hard/crtbegin.o
 .eh_frame      0x00011c50       0x28 C:/Program Files (x86)/Arm GNU Toolchain arm-none-eabi/13.2 Rel1/bin/../lib/gcc/arm-none-eabi/13.2.1/thumb/v7e-m+fp/hard\libg_nano.a(libc_a-strlen.o)
 .eh_frame      0x00011c78       0x50 C:/Program Files (x86)/Arm GNU Toolchain arm-none-eabi/13.2 Rel1/bin/../lib/gcc/arm-none-eabi/13.2.1/thumb/v7e-m+fp/hard\libg_nano.a(libc_a-memchr.o)
 .eh_frame      0x00011cc8        0x4 C:/Program Files (x86)/Arm GNU Toolchain arm-none-eabi/13.2 Rel1/bin/../lib/gcc/arm-none-eabi/13.2.1/thumb/v7e-m+fp/hard/crtend.o
                0x00011ccc                        __ROM_End = .
                0x00000040                        __Vectors_Size = (__Vectors_End - __Vectors)

.glue_7         0x00011ccc        0x0
 .glue_7        0x00011ccc        0x0 linker stubs

.glue_7t        0x00011ccc        0x0
 .glue_7t       0x00011ccc        0x0 linker stubs

.vfp11_veneer   0x00011ccc        0x0
 .vfp11_veneer  0x00011ccc        0x0 linker stubs

.v4_bx          0x00011ccc        0x0
 .v4_bx         0x00011ccc        0x0 linker stubs

.iplt           0x00011ccc        0x0
 .iplt          0x00011ccc        0x0 C:/Program Files (x86)/Arm GNU Toolchain arm-none-eabi/13.2 Rel1/bin/../lib/gcc/arm-none-eabi/13.2.1/thumb/v7e-m+fp/hard/crtbegin.o
                0x00011ccc                        . = .
                0x00011ccc                        __itcm_data_pre_location = .

.itcm_data      0x00000000        0x0 load address 0x00011cd0
                0x00000000                        __tz_ITCM_S = ABSOLUTE (ITCM_START)
                0x00000000                        __itcm_data_start = .
 *(.itcm_data*)
                0x00000000                        . = ALIGN (0x8)
                0x00000000                        __itcm_data_end = .
                0x00000000                        __tz_ITCM_N = DEFINED (ITCM_NS_START)?ABSOLUTE (ITCM_NS_START):ALIGN (__itcm_data_end, 0x2000)
                0x00011cd0                        __itcm_data_init_start = LOADADDR (.itcm_data)
                0x00011cd0                        __itcm_data_init_end = (LOADADDR (.itcm_data) + SIZEOF (.itcm_data))
                0x00000001                        ASSERT (((ORIGIN (ITCM) % 0x8) == 0x0), ITCM memory region origin must be aligned to 8 bytes.)
                0x00000001                        ASSERT (((LENGTH (ITCM) % 0x8) == 0x0), ITCM memory region length must be a multiple of 8 bytes.)
                0x00000001                        ASSERT (((LOADADDR (.itcm_data) % 0x10) == 0x0), .itcm_data section must be aligned to 16 bytes.)
                0x00000001                        ASSERT (((SIZEOF (.itcm_data) % 0x8) == 0x0), .itcm_data section size must be a multiple of 8 bytes.)
                0x00011ccc                        . = (SIZEOF (.itcm_data) > 0x0)?__itcm_data_init_end:__itcm_data_pre_location
                0x00011ccc                        __exidx_start = .

/DISCARD/
 *(.ARM.extab* .gnu.linkonce.armextab.*)
 *(.ARM.exidx* .gnu.linkonce.armexidx.*)
                0x00011ccc                        __exidx_end = .
                0x00011ccc                        __etext = .
                0x1ffe0000                        __tz_RAM_S = ORIGIN (RAM)

.fsp_dtc_vector_table
                0x1ffe0000        0x0
                0x1ffe0000                        . = ORIGIN (RAM)
 *(.fsp_dtc_vector_table)

.data           0x1ffe0000      0x754 load address 0x00011ccc
                0x1ffe0000                        __data_start__ = .
                0x1ffe0000                        . = ALIGN (0x4)
                0x1ffe0000                        __Code_In_RAM_Start = .
 *(.code_in_ram*)
 .code_in_ram   0x1ffe0000      0x6cc ./ra/fsp/src/r_flash_hp/r_flash_hp.o
                0x1ffe06cc                        __Code_In_RAM_End = .
 *(vtable)
 *(.data.*)
 .data.FIH_NO_BOOTABLE_IMAGE
                0x1ffe06cc        0x4 ./ra/mcu-tools/MCUboot/boot/bootutil/src/fault_injection_hardening.o
                0x1ffe06cc                FIH_NO_BOOTABLE_IMAGE
 .data.FIH_FAILURE
                0x1ffe06d0        0x4 ./ra/mcu-tools/MCUboot/boot/bootutil/src/fault_injection_hardening.o
                0x1ffe06d0                FIH_FAILURE
 .data.one.0    0x1ffe06d4        0x4 ./ra/fsp/src/rm_psa_crypto/ecp_curves_alt.o
 .data.g_internal_flash_flush_buffer
                0x1ffe06d8        0x8 ./ra/fsp/src/rm_mcuboot_port/flash_map.o
 .data.p_write_buffer
                0x1ffe06e0        0x4 ./ra/fsp/src/rm_mcuboot_port/flash_map.o
                0x1ffe06e0                p_write_buffer
 .data.g_configuration_area_data
                0x1ffe06e4       0x10 ./ra/fsp/src/r_flash_hp/r_flash_hp.o
 .data.mbedtls_free_func
                0x1ffe06f4        0x4 ./ra/arm/mbedtls/library/platform.o
                0x1ffe06f4                mbedtls_free_func
 .data.mbedtls_calloc_func
                0x1ffe06f8        0x4 ./ra/arm/mbedtls/library/platform.o
                0x1ffe06f8                mbedtls_calloc_func
 .data._impure_ptr
                0x1ffe06fc        0x4 C:/Program Files (x86)/Arm GNU Toolchain arm-none-eabi/13.2 Rel1/bin/../lib/gcc/arm-none-eabi/13.2.1/thumb/v7e-m+fp/hard\libg_nano.a(libc_a-impure.o)
                0x1ffe06fc                _impure_ptr
 .data._impure_data
                0x1ffe0700       0x4c C:/Program Files (x86)/Arm GNU Toolchain arm-none-eabi/13.2 Rel1/bin/../lib/gcc/arm-none-eabi/13.2.1/thumb/v7e-m+fp/hard\libg_nano.a(libc_a-impure.o)
                0x1ffe0700                _impure_data
 *(.data)
                0x1ffe074c                        . = ALIGN (0x4)
                0x1ffe074c                        PROVIDE (__preinit_array_start = .)
 *(.preinit_array)
                0x1ffe074c                        PROVIDE (__preinit_array_end = .)
                0x1ffe074c                        . = ALIGN (0x4)
                0x1ffe074c                        PROVIDE (__init_array_start = .)
 *(SORT_BY_NAME(.init_array.*))
 *(.init_array)
 .init_array    0x1ffe074c        0x4 C:/Program Files (x86)/Arm GNU Toolchain arm-none-eabi/13.2 Rel1/bin/../lib/gcc/arm-none-eabi/13.2.1/thumb/v7e-m+fp/hard/crtbegin.o
                0x1ffe0750                        PROVIDE (__init_array_end = .)
                0x1ffe0750                        . = ALIGN (0x4)
                [!provide]                        PROVIDE (__fini_array_start = .)
 *(SORT_BY_NAME(.fini_array.*))
 *(.fini_array)
 .fini_array    0x1ffe0750        0x4 C:/Program Files (x86)/Arm GNU Toolchain arm-none-eabi/13.2 Rel1/bin/../lib/gcc/arm-none-eabi/13.2.1/thumb/v7e-m+fp/hard/crtbegin.o
                [!provide]                        PROVIDE (__fini_array_end = .)
 *(.jcr*)
                0x1ffe0754                        . = ALIGN (0x4)
                0x1ffe0754                        __data_end__ = .

.tm_clone_table
                0x1ffe0754        0x0 load address 0x00012420
 .tm_clone_table
                0x1ffe0754        0x0 C:/Program Files (x86)/Arm GNU Toolchain arm-none-eabi/13.2 Rel1/bin/../lib/gcc/arm-none-eabi/13.2.1/thumb/v7e-m+fp/hard/crtbegin.o
 .tm_clone_table
                0x1ffe0754        0x0 C:/Program Files (x86)/Arm GNU Toolchain arm-none-eabi/13.2 Rel1/bin/../lib/gcc/arm-none-eabi/13.2.1/thumb/v7e-m+fp/hard/crtend.o

.igot.plt       0x1ffe0754        0x0 load address 0x00012420
 .igot.plt      0x1ffe0754        0x0 C:/Program Files (x86)/Arm GNU Toolchain arm-none-eabi/13.2 Rel1/bin/../lib/gcc/arm-none-eabi/13.2.1/thumb/v7e-m+fp/hard/crtbegin.o
                0x1ffe0754                        . = .
                0x00012420                        __dtcm_data_pre_location = (LOADADDR (.data) + SIZEOF (.data))

.dtcm_data      0x00000000        0x0 load address 0x00012420
                0x00000000                        __tz_DTCM_S = ABSOLUTE (DTCM_START)
                0x00000000                        __dtcm_data_start = .
 *(.dtcm_data*)
                0x00000000                        . = ALIGN (0x8)
                0x00000000                        __dtcm_data_end = .
                0x00000000                        . = __dtcm_data_end

.dtcm_bss       0x00000000        0x0
                0x00000000                        __dtcm_bss_start = .
 *(.dtcm_bss*)
                0x00000000                        . = ALIGN (0x8)
                0x00000000                        __dtcm_bss_end = .
                0x00000000                        __tz_DTCM_N = DEFINED (DTCM_NS_START)?ABSOLUTE (DTCM_NS_START):ALIGN (__dtcm_bss_end, 0x2000)
                0x00012420                        __dtcm_data_init_start = LOADADDR (.dtcm_data)
                0x00012420                        __dtcm_data_init_end = (LOADADDR (.dtcm_data) + SIZEOF (.dtcm_data))
                0x00000001                        ASSERT (((ORIGIN (DTCM) % 0x8) == 0x0), DTCM memory region origin must be aligned to 8 bytes.)
                0x00000001                        ASSERT (((LENGTH (DTCM) % 0x8) == 0x0), DTCM memory region length must be a multiple of 8 bytes.)
                0x00000001                        ASSERT ((LOADADDR (.dtcm_bss) == ADDR (.dtcm_bss)), .dtcm_bss has (VMA != LMA) but should be NOLOAD (VMA == LMA).)
                0x00000001                        ASSERT (((LOADADDR (.dtcm_data) % 0x10) == 0x0), .dtcm_data section must be aligned to 16 bytes.)
                0x00000001                        ASSERT (((SIZEOF (.dtcm_data) % 0x8) == 0x0), .dtcm_data section size must be a multiple of 8 bytes.)
                0x00000001                        ASSERT (((LOADADDR (.dtcm_bss) % 0x8) == 0x0), .dtcm_bss section must be aligned to 8 bytes.)
                0x00000001                        ASSERT (((SIZEOF (.dtcm_bss) % 0x8) == 0x0), .dtcm_bss section size must be a multiple of 8 bytes.)
                0x00000001                        ASSERT ((__dtcm_bss_start == __dtcm_data_end), .dtcm_bss section is not adjacent to .dtcm_data section.)
                0x00012420                        . = (SIZEOF (.dtcm_data) > 0x0)?__dtcm_data_init_end:__dtcm_data_pre_location
                0x00012420                        sgstubs_pre_location = .
                0x00012800                        SGSTUBS_LOC = (DEFINED (PROJECT_SECURE) && DEFINED (FLASH_NSC_START))?ABSOLUTE (FLASH_NSC_START):ALIGN (0x400)

.gnu.sgstubs    0x00012800        0x0
                0x00012800                        __tz_FLASH_C = DEFINED (FLASH_NSC_START)?ABSOLUTE (FLASH_NSC_START):__RESERVE_NS_RAM?ABSOLUTE ((FLASH_START + FLASH_LENGTH)):ALIGN (0x400)
                0x00012800                        _start_sg = .
 *(.gnu.sgstubs*)
                0x00012800                        . = ALIGN (0x20)
                0x00012800                        _end_sg = .